Component: ARM Compiler 5.06 update 7 (build 960) Tool: armlink [4d3601]

==============================================================================

Section Cross References

    startup_stm32f105xc.o(STACK) refers (Special) to heapauxi.o(.text) for __use_two_region_memory
    startup_stm32f105xc.o(HEAP) refers (Special) to heapauxi.o(.text) for __use_two_region_memory
    startup_stm32f105xc.o(RESET) refers (Special) to heapauxi.o(.text) for __use_two_region_memory
    startup_stm32f105xc.o(RESET) refers to startup_stm32f105xc.o(STACK) for __initial_sp
    startup_stm32f105xc.o(RESET) refers to startup_stm32f105xc.o(.text) for Reset_Handler
    startup_stm32f105xc.o(RESET) refers to stm32f1xx_it.o(i.NMI_Handler) for NMI_Handler
    startup_stm32f105xc.o(RESET) refers to stm32f1xx_it.o(i.HardFault_Handler) for HardFault_Handler
    startup_stm32f105xc.o(RESET) refers to stm32f1xx_it.o(i.MemManage_Handler) for MemManage_Handler
    startup_stm32f105xc.o(RESET) refers to stm32f1xx_it.o(i.BusFault_Handler) for BusFault_Handler
    startup_stm32f105xc.o(RESET) refers to stm32f1xx_it.o(i.UsageFault_Handler) for UsageFault_Handler
    startup_stm32f105xc.o(RESET) refers to port.o(.emb_text) for SVC_Handler
    startup_stm32f105xc.o(RESET) refers to stm32f1xx_it.o(i.DebugMon_Handler) for DebugMon_Handler
    startup_stm32f105xc.o(RESET) refers to port.o(i.SysTick_Handler) for SysTick_Handler
    startup_stm32f105xc.o(RESET) refers to stm32f1xx_it.o(i.DMA1_Channel5_IRQHandler) for DMA1_Channel5_IRQHandler
    startup_stm32f105xc.o(RESET) refers to tim.o(i.TIM4_IRQHandler) for TIM4_IRQHandler
    startup_stm32f105xc.o(RESET) refers to stm32f1xx_it.o(i.TIM6_IRQHandler) for TIM6_IRQHandler
    startup_stm32f105xc.o(.text) refers (Special) to heapauxi.o(.text) for __use_two_region_memory
    startup_stm32f105xc.o(.text) refers to system_stm32f1xx.o(i.SystemInit) for SystemInit
    startup_stm32f105xc.o(.text) refers to __main.o(!!!main) for __main
    startup_stm32f105xc.o(.text) refers to startup_stm32f105xc.o(HEAP) for Heap_Mem
    startup_stm32f105xc.o(.text) refers to startup_stm32f105xc.o(STACK) for Stack_Mem
    eeprom.o(i.GetCoilData) refers to i2c.o(i.I2C_ReadBuffer) for I2C_ReadBuffer
    eeprom.o(i.GetCoilData) refers to eeprom.o(.bss) for EEPROM_RX_Buf
    eeprom.o(i.SaveByte_In_EEPROM) refers to _printf_percent.o(.ARM.Collect$$_printf_percent$$00000000) for _printf_percent
    eeprom.o(i.SaveByte_In_EEPROM) refers to _printf_d.o(.ARM.Collect$$_printf_percent$$00000009) for _printf_d
    eeprom.o(i.SaveByte_In_EEPROM) refers to _printf_dec.o(.text) for _printf_int_dec
    eeprom.o(i.SaveByte_In_EEPROM) refers to i2c.o(i.I2C_WriteByte) for I2C_WriteByte
    eeprom.o(i.SaveByte_In_EEPROM) refers to noretval__2sprintf.o(.text) for __2sprintf
    eeprom.o(i.SaveByte_In_EEPROM) refers to usart.o(i.DBG_PutString) for DBG_PutString
    eeprom.o(i.SaveByte_In_EEPROM) refers to usart.o(.bss) for DBG_buffer
    eeprom.o(i.SaveCoilData) refers to _printf_percent.o(.ARM.Collect$$_printf_percent$$00000000) for _printf_percent
    eeprom.o(i.SaveCoilData) refers to _printf_d.o(.ARM.Collect$$_printf_percent$$00000009) for _printf_d
    eeprom.o(i.SaveCoilData) refers to _printf_dec.o(.text) for _printf_int_dec
    eeprom.o(i.SaveCoilData) refers to noretval__2sprintf.o(.text) for __2sprintf
    eeprom.o(i.SaveCoilData) refers to usart.o(i.DBG_PutString) for DBG_PutString
    eeprom.o(i.SaveCoilData) refers to i2c.o(i.I2C_WriteBuffer) for I2C_WriteBuffer
    eeprom.o(i.SaveCoilData) refers to usart.o(.bss) for DBG_buffer
    eeprom.o(i.SaveCoilData) refers to eeprom.o(.bss) for EEPROM_TX_Buf
    drive.o(i.TIM_counter_PWM_Callback) refers to noretval__2sprintf.o(.text) for __2sprintf
    drive.o(i.TIM_counter_PWM_Callback) refers to usart.o(i.DBG_PutString) for DBG_PutString
    drive.o(i.TIM_counter_PWM_Callback) refers to drive.o(i.LL_GPIO_ResetOutputPin) for LL_GPIO_ResetOutputPin
    drive.o(i.TIM_counter_PWM_Callback) refers to usart.o(.bss) for DBG_buffer
    drive.o(i.TIM_counter_PWM_Callback) refers to drive.o(.data) for flag_turn_end
    drive.o(i.dr1_one_full_turn) refers to drive.o(i.LL_GPIO_SetOutputPin) for LL_GPIO_SetOutputPin
    drive.o(i.dr1_one_full_turn) refers to tim.o(i.delay_us) for delay_us
    drive.o(i.dr1_one_full_turn) refers to drive.o(i.dr1_rotate_step) for dr1_rotate_step
    drive.o(i.dr1_one_full_turn) refers to drive.o(i.LL_GPIO_ResetOutputPin) for LL_GPIO_ResetOutputPin
    drive.o(i.dr1_rotate_step) refers to tim.o(i.delay_us) for delay_us
    drive.o(i.dr2_one_full_turn) refers to drive.o(i.LL_GPIO_SetOutputPin) for LL_GPIO_SetOutputPin
    drive.o(i.dr2_one_full_turn) refers to drive.o(i.LL_GPIO_ResetOutputPin) for LL_GPIO_ResetOutputPin
    drive.o(i.dr2_one_full_turn) refers to tim.o(i.delay_us) for delay_us
    drive.o(i.dr2_one_full_turn) refers to noretval__2sprintf.o(.text) for __2sprintf
    drive.o(i.dr2_one_full_turn) refers to usart.o(i.DBG_PutString) for DBG_PutString
[...]
    OFFSET_TAB_CCMRx                         0x08005b23   Data           7  freertos.o(.constdata)
    SHIFT_TAB_OCxx                           0x08005b2a   Data           7  freertos.o(.constdata)
    SHIFT_TAB_ICxx                           0x08005b31   Data           7  freertos.o(.constdata)
    SHIFT_TAB_CCxP                           0x08005b38   Data           7  freertos.o(.constdata)
    SHIFT_TAB_OISx                           0x08005b3f   Data           7  freertos.o(.constdata)
    .constdata                               0x08005c00   Section       42  spi.o(.constdata)
    CHANNEL_OFFSET_TAB                       0x08005c00   Data           7  spi.o(.constdata)
    OFFSET_TAB_CCMRx                         0x08005c07   Data           7  spi.o(.constdata)
    SHIFT_TAB_OCxx                           0x08005c0e   Data           7  spi.o(.constdata)
    SHIFT_TAB_ICxx                           0x08005c15   Data           7  spi.o(.constdata)
    SHIFT_TAB_CCxP                           0x08005c1c   Data           7  spi.o(.constdata)
    SHIFT_TAB_OISx                           0x08005c23   Data           7  spi.o(.constdata)
    .constdata                               0x08005c2a   Section       42  tim.o(.constdata)
    CHANNEL_OFFSET_TAB                       0x08005c2a   Data           7  tim.o(.constdata)
    OFFSET_TAB_CCMRx                         0x08005c31   Data           7  tim.o(.constdata)
    SHIFT_TAB_OCxx                           0x08005c38   Data           7  tim.o(.constdata)
    SHIFT_TAB_ICxx                           0x08005c3f   Data           7  tim.o(.constdata)
    SHIFT_TAB_CCxP                           0x08005c46   Data           7  tim.o(.constdata)
    SHIFT_TAB_OISx                           0x08005c4d   Data           7  tim.o(.constdata)
    .constdata                               0x08005c54   Section       24  system_stm32f1xx.o(.constdata)
    .constdata                               0x08005c6c   Section     6434  fonts.o(.constdata)
    CHANNEL_OFFSET_TAB                       0x08005c6c   Data           7  fonts.o(.constdata)
    OFFSET_TAB_CCMRx                         0x08005c73   Data           7  fonts.o(.constdata)
    SHIFT_TAB_OCxx                           0x08005c7a   Data           7  fonts.o(.constdata)
    SHIFT_TAB_ICxx                           0x08005c81   Data           7  fonts.o(.constdata)
    SHIFT_TAB_CCxP                           0x08005c88   Data           7  fonts.o(.constdata)
    SHIFT_TAB_OISx                           0x08005c8f   Data           7  fonts.o(.constdata)
    .constdata                               0x0800758e   Section       17  __printf_flags_wp.o(.constdata)
    maptable                                 0x0800758e   Data          17  __printf_flags_wp.o(.constdata)
    .conststring                             0x080075a0   Section       84  freertos.o(.conststring)
    .data                                    0x20000000   Section       13  drive.o(.data)
    .data                                    0x20000010   Section       32  freertos.o(.data)
    .data                                    0x20000030   Section        1  spi.o(.data)
    .data                                    0x20000034   Section        9  stm32f1xx_hal.o(.data)
    .data                                    0x20000040   Section        4  system_stm32f1xx.o(.data)
    .data                                    0x20000044   Section       60  tasks.o(.data)
    pxDelayedTaskList                        0x20000048   Data           4  tasks.o(.data)
    pxOverflowDelayedTaskList                0x2000004c   Data           4  tasks.o(.data)
    uxDeletedTasksWaitingCleanUp             0x20000050   Data           4  tasks.o(.data)
    uxCurrentNumberOfTasks                   0x20000054   Data           4  tasks.o(.data)
    xTickCount                               0x20000058   Data           4  tasks.o(.data)
    uxTopReadyPriority                       0x2000005c   Data           4  tasks.o(.data)
    xSchedulerRunning                        0x20000060   Data           4  tasks.o(.data)
    uxPendedTicks                            0x20000064   Data           4  tasks.o(.data)
    xYieldPending                            0x20000068   Data           4  tasks.o(.data)
    xNumOfOverflows                          0x2000006c   Data           4  tasks.o(.data)
    uxTaskNumber                             0x20000070   Data           4  tasks.o(.data)
    xNextTaskUnblockTime                     0x20000074   Data           4  tasks.o(.data)
    xIdleTaskHandle                          0x20000078   Data           4  tasks.o(.data)
    uxSchedulerSuspended                     0x2000007c   Data           4  tasks.o(.data)
    .data                                    0x20000080   Section       20  timers.o(.data)
    pxCurrentTimerList                       0x20000080   Data           4  timers.o(.data)
    pxOverflowTimerList                      0x20000084   Data           4  timers.o(.data)
    xTimerQueue                              0x20000088   Data           4  timers.o(.data)
    xTimerTaskHandle                         0x2000008c   Data           4  timers.o(.data)
    xLastTime                                0x20000090   Data           4  timers.o(.data)
    .data                                    0x20000094   Section        4  cmsis_os2.o(.data)
    KernelState                              0x20000094   Data           4  cmsis_os2.o(.data)
    .data                                    0x20000098   Section       24  heap_4.o(.data)
    xStart                                   0x20000098   Data           8  heap_4.o(.data)
    pxEnd                                    0x200000a0   Data           4  heap_4.o(.data)
    xFreeBytesRemaining                      0x200000a4   Data           4  heap_4.o(.data)
    xMinimumEverFreeBytesRemaining           0x200000a8   Data           4  heap_4.o(.data)
    xBlockAllocatedBit                       0x200000ac   Data           4  heap_4.o(.data)
    .data                                    0x200000b0   Section       12  port.o(.data)
    uxCriticalNesting                        0x200000b0   Data           4  port.o(.data)
    ucMaxSysCallPriority                     0x200000b4   Data           1  port.o(.data)
    ulMaxPRIGROUPValue                       0x200000b8   Data           4  port.o(.data)
    .data                                    0x200000bc   Section       24  fonts.o(.data)
    .data                                    0x200000d4   Section        6  ssd1306.o(.data)
    SSD1306                                  0x200000d4   Data           6  ssd1306.o(.data)
    .bss                                     0x200000dc   Section      104  freertos.o(.bss)
    .bss                                     0x20000144   Section       50  usart.o(.bss)
    .bss                                     0x20000178   Section       72  stm32f1xx_hal_timebase_tim.o(.bss)
    .bss                                     0x200001c0   Section       64  queue.o(.bss)
    .bss                                     0x20000200   Section     1220  tasks.o(.bss)
    pxReadyTasksLists                        0x20000200   Data        1120  tasks.o(.bss)
    xDelayedTaskList1                        0x20000660   Data          20  tasks.o(.bss)
    xDelayedTaskList2                        0x20000674   Data          20  tasks.o(.bss)
    xPendingReadyList                        0x20000688   Data          20  tasks.o(.bss)
    xTasksWaitingTermination                 0x2000069c   Data          20  tasks.o(.bss)
    xSuspendedTaskList                       0x200006b0   Data          20  tasks.o(.bss)
    .bss                                     0x200006c4   Section      280  timers.o(.bss)
    xActiveTimerList1                        0x200006c4   Data          20  timers.o(.bss)
    xActiveTimerList2                        0x200006d8   Data          20  timers.o(.bss)
    xStaticTimerQueue                        0x200006ec   Data          80  timers.o(.bss)
    ucStaticTimerQueueStorage                0x2000073c   Data         160  timers.o(.bss)
    .bss                                     0x200007dc   Section     1720  cmsis_os2.o(.bss)
    Idle_TCB                                 0x200007dc   Data          92  cmsis_os2.o(.bss)
    Idle_Stack                               0x20000838   Data         512  cmsis_os2.o(.bss)
    Timer_TCB                                0x20000a38   Data          92  cmsis_os2.o(.bss)
    Timer_Stack                              0x20000a94   Data        1024  cmsis_os2.o(.bss)
    .bss                                     0x20000e94   Section     4096  heap_4.o(.bss)
    ucHeap                                   0x20000e94   Data        4096  heap_4.o(.bss)
    .bss                                     0x20001e94   Section      544  ssd1306.o(.bss)
    .bss                                     0x200020b4   Section       96  libspace.o(.bss)
    HEAP                                     0x20002118   Section      512  startup_stm32f105xc.o(HEAP)
    Heap_Mem                                 0x20002118   Data         512  startup_stm32f105xc.o(HEAP)
    STACK                                    0x20002318   Section     4096  startup_stm32f105xc.o(STACK)
    Stack_Mem                                0x20002318   Data        4096  startup_stm32f105xc.o(STACK)
    __initial_sp                             0x20003318   Data           0  startup_stm32f105xc.o(STACK)

    Global Symbols

    Symbol Name                              Value     Ov Type        Size  Object(Section)

    BuildAttributes$$THM_ISAv4$P$D$K$B$S$PE$A:L22UL41UL21$X:L11$S22US41US21$IEEE1$IW$USESV6$~STKCKD$USESV7$~SHL$OSPACE$ROPI$EBA8$UX$STANDARDLIB$REQ8$PRES8$EABIv2 0x00000000   Number         0  anon$$obj.o ABSOLUTE
    __ARM_use_no_argv                        0x00000000   Number         0  main.o ABSOLUTE
    _printf_flags                            0x00000000   Number         0  printf_stubs.o ABSOLUTE
    _printf_return_value                     0x00000000   Number         0  printf_stubs.o ABSOLUTE
    _printf_sizespec                         0x00000000   Number         0  printf_stubs.o ABSOLUTE
    _printf_widthprec                        0x00000000   Number         0  printf_stubs.o ABSOLUTE
    __ARM_exceptions_init                     - Undefined Weak Reference
    __alloca_initialize                       - Undefined Weak Reference
    __arm_fini_                               - Undefined Weak Reference
    __arm_preinit_                            - Undefined Weak Reference
    __cpp_initialize__aeabi_                  - Undefined Weak Reference
    __cxa_finalize                            - Undefined Weak Reference
    __rt_locale                               - Undefined Weak Reference
    __sigvec_lookup                           - Undefined Weak Reference
    _atexit_init                              - Undefined Weak Reference
    _call_atexit_fns                          - Undefined Weak Reference
    _clock_init                               - Undefined Weak Reference
    _fp_trap_init                             - Undefined Weak Reference
    _fp_trap_shutdown                         - Undefined Weak Reference
    _get_lc_collate                           - Undefined Weak Reference
    _get_lc_ctype                             - Undefined Weak Reference
    _get_lc_monetary                          - Undefined Weak Reference
    _get_lc_numeric                           - Undefined Weak Reference
    _get_lc_time                              - Undefined Weak Reference
    _getenv_init                              - Undefined Weak Reference
    _handle_redirection                       - Undefined Weak Reference
    _init_alloc                               - Undefined Weak Reference
    _init_user_alloc                          - Undefined Weak Reference
    _initio                                   - Undefined Weak Reference
    _printf_truncate_signed                   - Undefined Weak Reference
    _printf_truncate_unsigned                 - Undefined Weak Reference
    _rand_init                                - Undefined Weak Reference
    _signal_finish                            - Undefined Weak Reference
    _signal_init                              - Undefined Weak Reference
    _terminate_alloc                          - Undefined Weak Reference
    _terminate_user_alloc                     - Undefined Weak Reference
    _terminateio                              - Undefined Weak Reference
    __Vectors_Size                           0x00000150   Number         0  startup_stm32f105xc.o ABSOLUTE
    __Vectors                                0x08000000   Data           4  startup_stm32f105xc.o(RESET)
    __Vectors_End                            0x08000150   Data           0  startup_stm32f105xc.o(RESET)
    __main                                   0x08000151   Thumb Code     8  __main.o(!!!main)
    __scatterload                            0x08000159   Thumb Code     0  __scatter.o(!!!scatter)
    __scatterload_rt2                        0x08000159   Thumb Code    44  __scatter.o(!!!scatter)
    __scatterload_rt2_thumb_only             0x08000159   Thumb Code     0  __scatter.o(!!!scatter)
    __scatterload_null                       0x08000167   Thumb Code     0  __scatter.o(!!!scatter)
    __scatterload_copy                       0x0800018d   Thumb Code    26  __scatter_copy.o(!!handler_copy)
    __scatterload_zeroinit                   0x080001a9   Thumb Code    28  __scatter_zi.o(!!handler_zi)
    _printf_percent                          0x080001c5   Thumb Code     0  _printf_percent.o(.ARM.Collect$$_printf_percent$$00000000)
    _printf_u                                0x080001c5   Thumb Code     0  _printf_u.o(.ARM.Collect$$_printf_percent$$0000000A)
    _printf_percent_end                      0x080001cb   Thumb Code     0  _printf_percent_end.o(.ARM.Collect$$_printf_percent$$00000017)
    __rt_lib_init                            0x080001cf   Thumb Code     0  libinit.o(.ARM.Collect$$libinit$$00000000)
    __rt_lib_init_alloca_1                   0x080001d1   Thumb Code     0  libinit2.o(.ARM.Collect$$libinit$$0000002E)
    __rt_lib_init_argv_1                     0x080001d1   Thumb Code     0  libinit2.o(.ARM.Collect$$libinit$$0000002C)
    __rt_lib_init_atexit_1                   0x080001d1   Thumb Code     0  libinit2.o(.ARM.Collect$$libinit$$0000001B)
    __rt_lib_init_clock_1                    0x080001d1   Thumb Code     0  libinit2.o(.ARM.Collect$$libinit$$00000021)
    __rt_lib_init_cpp_1                      0x080001d1   Thumb Code     0  libinit2.o(.ARM.Collect$$libinit$$00000032)
    __rt_lib_init_exceptions_1               0x080001d1   Thumb Code     0  libinit2.o(.ARM.Collect$$libinit$$00000030)
    __rt_lib_init_fp_1                       0x080001d1   Thumb Code     0  libinit2.o(.ARM.Collect$$libinit$$00000002)
    __rt_lib_init_fp_trap_1                  0x080001d1   Thumb Code     0  libinit2.o(.ARM.Collect$$libinit$$0000001F)
    __rt_lib_init_getenv_1                   0x080001d1   Thumb Code     0  libinit2.o(.ARM.Collect$$libinit$$00000023)
    __rt_lib_init_heap_1                     0x080001d1   Thumb Code     0  libinit2.o(.ARM.Collect$$libinit$$0000000A)
    __rt_lib_init_lc_collate_1               0x080001d1   Thumb Code     0  libinit2.o(.ARM.Collect$$libinit$$00000011)
    __rt_lib_init_lc_ctype_1                 0x080001d1   Thumb Code     0  libinit2.o(.ARM.Collect$$libinit$$00000013)
    __rt_lib_init_lc_monetary_1              0x080001d1   Thumb Code     0  libinit2.o(.ARM.Collect$$libinit$$00000015)
    __rt_lib_init_lc_numeric_1               0x080001d1   Thumb Code     0  libinit2.o(.ARM.Collect$$libinit$$00000017)
    __rt_lib_init_lc_time_1                  0x080001d1   Thumb Code     0  libinit2.o(.ARM.Collect$$libinit$$00000019)
    __rt_lib_init_preinit_1                  0x080001d1   Thumb Code     0  libinit2.o(.ARM.Collect$$libinit$$00000004)
    __rt_lib_init_rand_1                     0x080001d1   Thumb Code     0  libinit2.o(.ARM.Collect$$libinit$$0000000E)
    __rt_lib_init_return                     0x080001d1   Thumb Code     0  libinit2.o(.ARM.Collect$$libinit$$00000033)
    __rt_lib_init_signal_1                   0x080001d1   Thumb Code     0  libinit2.o(.ARM.Collect$$libinit$$0000001D)
    __rt_lib_init_stdio_1                    0x080001d1   Thumb Code     0  libinit2.o(.ARM.Collect$$libinit$$00000025)
    __rt_lib_init_user_alloc_1               0x080001d1   Thumb Code     0  libinit2.o(.ARM.Collect$$libinit$$0000000C)
    __rt_lib_shutdown                        0x080001d3   Thumb Code     0  libshutdown.o(.ARM.Collect$$libshutdown$$00000000)
    __rt_lib_shutdown_cpp_1                  0x080001d5   Thumb Code     0  libshutdown2.o(.ARM.Collect$$libshutdown$$00000004)
    __rt_lib_shutdown_fini_1                 0x080001d5   Thumb Code     0  libshutdown2.o(.ARM.Collect$$libshutdown$$00000002)
    __rt_lib_shutdown_fp_trap_1              0x080001d5   Thumb Code     0  libshutdown2.o(.ARM.Collect$$libshutdown$$00000009)
    __rt_lib_shutdown_heap_1                 0x080001d5   Thumb Code     0  libshutdown2.o(.ARM.Collect$$libshutdown$$00000011)
    __rt_lib_shutdown_return                 0x080001d5   Thumb Code     0  libshutdown2.o(.ARM.Collect$$libshutdown$$00000012)
    __rt_lib_shutdown_signal_1               0x080001d5   Thumb Code     0  libshutdown2.o(.ARM.Collect$$libshutdown$$0000000C)
    __rt_lib_shutdown_stdio_1                0x080001d5   Thumb Code     0  libshutdown2.o(.ARM.Collect$$libshutdown$$00000006)
    __rt_lib_shutdown_user_alloc_1           0x080001d5   Thumb Code     0  libshutdown2.o(.ARM.Collect$$libshutdown$$0000000E)
    __rt_entry                               0x080001d7   Thumb Code     0  __rtentry.o(.ARM.Collect$$rtentry$$00000000)
    __rt_entry_presh_1                       0x080001d7   Thumb Code     0  __rtentry2.o(.ARM.Collect$$rtentry$$00000002)
    __rt_entry_sh                            0x080001d7   Thumb Code     0  __rtentry4.o(.ARM.Collect$$rtentry$$00000004)
    __rt_entry_li                            0x080001dd   Thumb Code     0  __rtentry2.o(.ARM.Collect$$rtentry$$0000000A)
    __rt_entry_postsh_1                      0x080001dd   Thumb Code     0  __rtentry2.o(.ARM.Collect$$rtentry$$00000009)
    __rt_entry_main                          0x080001e1   Thumb Code     0  __rtentry2.o(.ARM.Collect$$rtentry$$0000000D)
    __rt_entry_postli_1                      0x080001e1   Thumb Code     0  __rtentry2.o(.ARM.Collect$$rtentry$$0000000C)
    __rt_exit                                0x080001e9   Thumb Code     0  rtexit.o(.ARM.Collect$$rtexit$$00000000)
    __rt_exit_ls                             0x080001eb   Thumb Code     0  rtexit2.o(.ARM.Collect$$rtexit$$00000003)
    __rt_exit_prels_1                        0x080001eb   Thumb Code     0  rtexit2.o(.ARM.Collect$$rtexit$$00000002)
    __rt_exit_exit                           0x080001ef   Thumb Code     0  rtexit2.o(.ARM.Collect$$rtexit$$00000004)
    SVC_Handler                              0x080001f5   Thumb Code    32  port.o(.emb_text)
    __asm___6_port_c_39a90d8d__prvStartFirstTask 0x08000219   Thumb Code    28  port.o(.emb_text)
    PendSV_Handler                           0x08000239   Thumb Code    72  port.o(.emb_text)
    vPortGetIPSR                             0x08000285   Thumb Code     6  port.o(.emb_text)
    Reset_Handler                            0x0800028d   Thumb Code     8  startup_stm32f105xc.o(.text)
    ADC1_2_IRQHandler                        0x080002a7   Thumb Code     0  startup_stm32f105xc.o(.text)
    CAN1_RX0_IRQHandler                      0x080002a7   Thumb Code     0  startup_stm32f105xc.o(.text)
    CAN1_RX1_IRQHandler                      0x080002a7   Thumb Code     0  startup_stm32f105xc.o(.text)
    CAN1_SCE_IRQHandler                      0x080002a7   Thumb Code     0  startup_stm32f105xc.o(.text)
    CAN1_TX_IRQHandler                       0x080002a7   Thumb Code     0  startup_stm32f105xc.o(.text)
    CAN2_RX0_IRQHandler                      0x080002a7   Thumb Code     0  startup_stm32f105xc.o(.text)
    CAN2_RX1_IRQHandler                      0x080002a7   Thumb Code     0  startup_stm32f105xc.o(.text)
    CAN2_SCE_IRQHandler                      0x080002a7   Thumb Code     0  startup_stm32f105xc.o(.text)
    CAN2_TX_IRQHandler                       0x080002a7   Thumb Code     0  startup_stm32f105xc.o(.text)
    DMA1_Channel1_IRQHandler                 0x080002a7   Thumb Code     0  startup_stm32f105xc.o(.text)
    DMA1_Channel2_IRQHandler                 0x080002a7   Thumb Code     0  startup_stm32f105xc.o(.text)
    DMA1_Channel3_IRQHandler                 0x080002a7   Thumb Code     0  startup_stm32f105xc.o(.text)
    DMA1_Channel4_IRQHandler                 0x080002a7   Thumb Code     0  startup_stm32f105xc.o(.text)
    DMA1_Channel6_IRQHandler                 0x080002a7   Thumb Code     0  startup_stm32f105xc.o(.text)
    DMA1_Channel7_IRQHandler                 0x080002a7   Thumb Code     0  startup_stm32f105xc.o(.text)
    DMA2_Channel1_IRQHandler                 0x080002a7   Thumb Code     0  startup_stm32f105xc.o(.text)
    DMA2_Channel2_IRQHandler                 0x080002a7   Thumb Code     0  startup_stm32f105xc.o(.text)
    DMA2_Channel3_IRQHandler                 0x080002a7   Thumb Code     0  startup_stm32f105xc.o(.text)
    DMA2_Channel4_IRQHandler                 0x080002a7   Thumb Code     0  startup_stm32f105xc.o(.text)
    DMA2_Channel5_IRQHandler                 0x080002a7   Thumb Code     0  startup_stm32f105xc.o(.text)
    EXTI0_IRQHandler                         0x080002a7   Thumb Code     0  startup_stm32f105xc.o(.text)
    EXTI15_10_IRQHandler                     0x080002a7   Thumb Code     0  startup_stm32f105xc.o(.text)
    EXTI1_IRQHandler                         0x080002a7   Thumb Code     0  startup_stm32f105xc.o(.text)
    EXTI2_IRQHandler                         0x080002a7   Thumb Code     0  startup_stm32f105xc.o(.text)
    EXTI3_IRQHandler                         0x080002a7   Thumb Code     0  startup_stm32f105xc.o(.text)
    EXTI4_IRQHandler                         0x080002a7   Thumb Code     0  startup_stm32f105xc.o(.text)
    EXTI9_5_IRQHandler                       0x080002a7   Thumb Code     0  startup_stm32f105xc.o(.text)
    FLASH_IRQHandler                         0x080002a7   Thumb Code     0  startup_stm32f105xc.o(.text)
    I2C1_ER_IRQHandler                       0x080002a7   Thumb Code     0  startup_stm32f105xc.o(.text)
    I2C1_EV_IRQHandler                       0x080002a7   Thumb Code     0  startup_stm32f105xc.o(.text)
    I2C2_ER_IRQHandler                       0x080002a7   Thumb Code     0  startup_stm32f105xc.o(.text)
    I2C2_EV_IRQHandler                       0x080002a7   Thumb Code     0  startup_stm32f105xc.o(.text)
    OTG_FS_IRQHandler                        0x080002a7   Thumb Code     0  startup_stm32f105xc.o(.text)
    OTG_FS_WKUP_IRQHandler                   0x080002a7   Thumb Code     0  startup_stm32f105xc.o(.text)
    PVD_IRQHandler                           0x080002a7   Thumb Code     0  startup_stm32f105xc.o(.text)
    RCC_IRQHandler                           0x080002a7   Thumb Code     0  startup_stm32f105xc.o(.text)
    RTC_Alarm_IRQHandler                     0x080002a7   Thumb Code     0  startup_stm32f105xc.o(.text)
    RTC_IRQHandler                           0x080002a7   Thumb Code     0  startup_stm32f105xc.o(.text)
    SPI1_IRQHandler                          0x080002a7   Thumb Code     0  startup_stm32f105xc.o(.text)
    SPI2_IRQHandler                          0x080002a7   Thumb Code     0  startup_stm32f105xc.o(.text)
    SPI3_IRQHandler                          0x080002a7   Thumb Code     0  startup_stm32f105xc.o(.text)
    TAMPER_IRQHandler                        0x080002a7   Thumb Code     0  startup_stm32f105xc.o(.text)
    TIM1_BRK_IRQHandler                      0x080002a7   Thumb Code     0  startup_stm32f105xc.o(.text)
    TIM1_CC_IRQHandler                       0x080002a7   Thumb Code     0  startup_stm32f105xc.o(.text)
    TIM1_TRG_COM_IRQHandler                  0x080002a7   Thumb Code     0  startup_stm32f105xc.o(.text)
    TIM1_UP_IRQHandler                       0x080002a7   Thumb Code     0  startup_stm32f105xc.o(.text)
    TIM2_IRQHandler                          0x080002a7   Thumb Code     0  startup_stm32f105xc.o(.text)
    TIM3_IRQHandler                          0x080002a7   Thumb Code     0  startup_stm32f105xc.o(.text)
    TIM5_IRQHandler                          0x080002a7   Thumb Code     0  startup_stm32f105xc.o(.text)
    TIM7_IRQHandler                          0x080002a7   Thumb Code     0  startup_stm32f105xc.o(.text)
    UART4_IRQHandler                         0x080002a7   Thumb Code     0  startup_stm32f105xc.o(.text)
    UART5_IRQHandler                         0x080002a7   Thumb Code     0  startup_stm32f105xc.o(.text)
    USART1_IRQHandler                        0x080002a7   Thumb Code     0  startup_stm32f105xc.o(.text)
    USART2_IRQHandler                        0x080002a7   Thumb Code     0  startup_stm32f105xc.o(.text)
    USART3_IRQHandler                        0x080002a7   Thumb Code     0  startup_stm32f105xc.o(.text)
    WWDG_IRQHandler                          0x080002a7   Thumb Code     0  startup_stm32f105xc.o(.text)
    __user_initial_stackheap                 0x080002a9   Thumb Code     0  startup_stm32f105xc.o(.text)
    __aeabi_uldivmod                         0x080002cd   Thumb Code     0  lludivv7m.o(.text)
    _ll_udiv                                 0x080002cd   Thumb Code   238  lludivv7m.o(.text)
    __2sprintf                               0x080003bd   Thumb Code    34  noretval__2sprintf.o(.text)
    __2snprintf                              0x080003e5   Thumb Code    48  noretval__2snprintf.o(.text)
    _printf_int_dec                          0x08000419   Thumb Code   104  _printf_dec.o(.text)
    __printf                                 0x08000491   Thumb Code   308  __printf_flags_wp.o(.text)
    __aeabi_memcpy                           0x080005c9   Thumb Code     0  rt_memcpy_v6.o(.text)
    __rt_memcpy                              0x080005c9   Thumb Code   138  rt_memcpy_v6.o(.text)
    _memcpy_lastbytes                        0x0800062f   Thumb Code     0  rt_memcpy_v6.o(.text)
    __aeabi_memset                           0x08000653   Thumb Code    16  aeabi_memset.o(.text)
    __aeabi_memclr                           0x08000663   Thumb Code     0  rt_memclr.o(.text)
    __rt_memclr                              0x08000663   Thumb Code    68  rt_memclr.o(.text)
    _memset                                  0x08000667   Thumb Code     0  rt_memclr.o(.text)
    __aeabi_memclr4                          0x080006a7   Thumb Code     0  rt_memclr_w.o(.text)
    __aeabi_memclr8                          0x080006a7   Thumb Code     0  rt_memclr_w.o(.text)
    __rt_memclr_w                            0x080006a7   Thumb Code    78  rt_memclr_w.o(.text)
    _memset_w                                0x080006ab   Thumb Code     0  rt_memclr_w.o(.text)
    __use_two_region_memory                  0x080006f5   Thumb Code     2  heapauxi.o(.text)
    __rt_heap_escrow$2region                 0x080006f7   Thumb Code     2  heapauxi.o(.text)
    __rt_heap_expand$2region                 0x080006f9   Thumb Code     2  heapauxi.o(.text)
    _printf_int_common                       0x080006fb   Thumb Code   178  _printf_intcommon.o(.text)
    _printf_char_common                      0x080007b7   Thumb Code    32  _printf_char_common.o(.text)
    _sputc                                   0x080007dd   Thumb Code    10  _sputc.o(.text)
    _snputc                                  0x080007e7   Thumb Code    16  _snputc.o(.text)
    __aeabi_memcpy4                          0x080007f7   Thumb Code     0  rt_memcpy_w.o(.text)
    __aeabi_memcpy8                          0x080007f7   Thumb Code     0  rt_memcpy_w.o(.text)
    __rt_memcpy_w                            0x080007f7   Thumb Code   100  rt_memcpy_w.o(.text)
    _memcpy_lastbytes_aligned                0x0800083f   Thumb Code     0  rt_memcpy_w.o(.text)
    __user_setup_stackheap                   0x0800085b   Thumb Code    74  sys_stackheap_outer.o(.text)
    exit                                     0x080008a5   Thumb Code    18  exit.o(.text)
    __user_libspace                          0x080008b9   Thumb Code     8  libspace.o(.text)
    __user_perproc_libspace                  0x080008b9   Thumb Code     0  libspace.o(.text)
    __user_perthread_libspace                0x080008b9   Thumb Code     0  libspace.o(.text)
    _sys_exit                                0x080008c1   Thumb Code     8  sys_exit.o(.text)
    __I$use$semihosting                      0x080008cd   Thumb Code     0  use_no_semi.o(.text)
    __use_no_semihosting_swi                 0x080008cd   Thumb Code     2  use_no_semi.o(.text)
    BusFault_Handler                         0x080008cf   Thumb Code     4  stm32f1xx_it.o(i.BusFault_Handler)
    __semihosting_library_function           0x080008cf   Thumb Code     0  indicate_semi.o(.text)
    ButtonTimerCallback                      0x080008d5   Thumb Code    60  freertos.o(i.ButtonTimerCallback)
    DBG_PutString                            0x08000915   Thumb Code    40  usart.o(i.DBG_PutString)
    DMA1_Channel5_Callback                   0x08000941   Thumb Code    20  spi.o(i.DMA1_Channel5_Callback)
    DMA1_Channel5_IRQHandler                 0x08000959   Thumb Code    48  stm32f1xx_it.o(i.DMA1_Channel5_IRQHandler)
    DebugMon_Handler                         0x0800098d   Thumb Code     2  stm32f1xx_it.o(i.DebugMon_Handler)
    Error_Handler                            0x0800098f   Thumb Code     6  main.o(i.Error_Handler)
    HAL_GetTick                              0x08000995   Thumb Code     6  stm32f1xx_hal.o(i.HAL_GetTick)
    HAL_IncTick                              0x080009a1   Thumb Code    16  stm32f1xx_hal.o(i.HAL_IncTick)
    HAL_Init                                 0x080009b9   Thumb Code    34  stm32f1xx_hal.o(i.HAL_Init)
    HAL_InitTick                             0x080009e1   Thumb Code   158  stm32f1xx_hal_timebase_tim.o(i.HAL_InitTick)
    HAL_MspInit                              0x08000a95   Thumb Code    86  stm32f1xx_hal_msp.o(i.HAL_MspInit)
    HAL_NVIC_EnableIRQ                       0x08000af5   Thumb Code    32  stm32f1xx_hal_cortex.o(i.HAL_NVIC_EnableIRQ)
    HAL_NVIC_SetPriority                     0x08000b15   Thumb Code   124  stm32f1xx_hal_cortex.o(i.HAL_NVIC_SetPriority)
    HAL_NVIC_SetPriorityGrouping             0x08000b91   Thumb Code    32  stm32f1xx_hal_cortex.o(i.HAL_NVIC_SetPriorityGrouping)
    HAL_RCC_ClockConfig                      0x08000bb9   Thumb Code   376  stm32f1xx_hal_rcc.o(i.HAL_RCC_ClockConfig)
    HAL_RCC_GetClockConfig                   0x08000d45   Thumb Code    58  stm32f1xx_hal_rcc.o(i.HAL_RCC_GetClockConfig)
    HAL_RCC_GetHCLKFreq                      0x08000d89   Thumb Code     6  stm32f1xx_hal_rcc.o(i.HAL_RCC_GetHCLKFreq)
    HAL_RCC_GetPCLK1Freq                     0x08000d95   Thumb Code    22  stm32f1xx_hal_rcc.o(i.HAL_RCC_GetPCLK1Freq)
    HAL_RCC_GetSysClockFreq                  0x08000db5   Thumb Code   248  stm32f1xx_hal_rcc.o(i.HAL_RCC_GetSysClockFreq)
    HAL_RCC_OscConfig                        0x08000ed9   Thumb Code  1378  stm32f1xx_hal_rcc.o(i.HAL_RCC_OscConfig)
    HAL_TIMEx_BreakCallback                  0x08001445   Thumb Code     2  stm32f1xx_hal_tim_ex.o(i.HAL_TIMEx_BreakCallback)
    HAL_TIMEx_CommutCallback                 0x08001447   Thumb Code     2  stm32f1xx_hal_tim_ex.o(i.HAL_TIMEx_CommutCallback)
    HAL_TIM_Base_Init                        0x08001449   Thumb Code   102  stm32f1xx_hal_tim.o(i.HAL_TIM_Base_Init)
    HAL_TIM_Base_MspInit                     0x080014af   Thumb Code     2  stm32f1xx_hal_tim.o(i.HAL_TIM_Base_MspInit)
    HAL_TIM_Base_Start_IT                    0x080014b1   Thumb Code   114  stm32f1xx_hal_tim.o(i.HAL_TIM_Base_Start_IT)
    HAL_TIM_IC_CaptureCallback               0x08001535   Thumb Code     2  stm32f1xx_hal_tim.o(i.HAL_TIM_IC_CaptureCallback)
    HAL_TIM_IRQHandler                       0x08001537   Thumb Code   406  stm32f1xx_hal_tim.o(i.HAL_TIM_IRQHandler)
    HAL_TIM_OC_DelayElapsedCallback          0x080016cd   Thumb Code     2  stm32f1xx_hal_tim.o(i.HAL_TIM_OC_DelayElapsedCallback)
    HAL_TIM_PWM_PulseFinishedCallback        0x080016cf   Thumb Code     2  stm32f1xx_hal_tim.o(i.HAL_TIM_PWM_PulseFinishedCallback)
    HAL_TIM_PeriodElapsedCallback            0x080016d1   Thumb Code    18  main.o(i.HAL_TIM_PeriodElapsedCallback)
    HAL_TIM_TriggerCallback                  0x080016e9   Thumb Code     2  stm32f1xx_hal_tim.o(i.HAL_TIM_TriggerCallback)
    HardFault_Handler                        0x080016eb   Thumb Code     4  stm32f1xx_it.o(i.HardFault_Handler)
    LL_GPIO_Init                             0x08001761   Thumb Code   296  stm32f1xx_ll_gpio.o(i.LL_GPIO_Init)
    LL_I2C_Init                              0x08001989   Thumb Code   104  stm32f1xx_ll_i2c.o(i.LL_I2C_Init)
    LL_RCC_GetSystemClocksFreq               0x080019f1   Thumb Code    36  stm32f1xx_ll_rcc.o(i.LL_RCC_GetSystemClocksFreq)
    LL_SPI_Init                              0x08001a15   Thumb Code   108  stm32f1xx_ll_spi.o(i.LL_SPI_Init)
    LL_TIM_BDTR_Init                         0x08001a8f   Thumb Code    82  stm32f1xx_ll_tim.o(i.LL_TIM_BDTR_Init)
    LL_TIM_Init                              0x08001cc9   Thumb Code   130  stm32f1xx_ll_tim.o(i.LL_TIM_Init)
    LL_TIM_OC_Init                           0x08001e29   Thumb Code    92  stm32f1xx_ll_tim.o(i.LL_TIM_OC_Init)
    LL_USART_Init                            0x08001ead   Thumb Code   154  stm32f1xx_ll_usart.o(i.LL_USART_Init)
    MX_DMA_Init                              0x08002005   Thumb Code   194  dma.o(i.MX_DMA_Init)
    MX_FREERTOS_Init                         0x080020d5   Thumb Code    90  freertos.o(i.MX_FREERTOS_Init)
    MX_GPIO_Init                             0x08002175   Thumb Code   176  gpio.o(i.MX_GPIO_Init)
    MX_I2C1_Init                             0x08002239   Thumb Code   204  i2c.o(i.MX_I2C1_Init)
    MX_SPI2_Init                             0x08002321   Thumb Code   426  spi.o(i.MX_SPI2_Init)
    MX_TIM1_Init                             0x080024e5   Thumb Code   258  tim.o(i.MX_TIM1_Init)
    MX_TIM3_Init                             0x080025f9   Thumb Code   208  tim.o(i.MX_TIM3_Init)
    MX_TIM4_Init                             0x080026d1   Thumb Code   164  tim.o(i.MX_TIM4_Init)
    MX_USART3_UART_Init                      0x08002779   Thumb Code   206  usart.o(i.MX_USART3_UART_Init)
    MemManage_Handler                        0x08002865   Thumb Code     4  stm32f1xx_it.o(i.MemManage_Handler)
    NMI_Handler                              0x08002869   Thumb Code     4  stm32f1xx_it.o(i.NMI_Handler)
    PWM_stop                                 0x08002a39   Thumb Code    48  tim.o(i.PWM_stop)
    RCC_GetHCLKClockFreq                     0x08002a95   Thumb Code    24  stm32f1xx_ll_rcc.o(i.RCC_GetHCLKClockFreq)
    RCC_GetPCLK1ClockFreq                    0x08002ab5   Thumb Code    26  stm32f1xx_ll_rcc.o(i.RCC_GetPCLK1ClockFreq)
    RCC_GetPCLK2ClockFreq                    0x08002ad9   Thumb Code    26  stm32f1xx_ll_rcc.o(i.RCC_GetPCLK2ClockFreq)
    RCC_GetSystemClockFreq                   0x08002afd   Thumb Code    52  stm32f1xx_ll_rcc.o(i.RCC_GetSystemClockFreq)
    RCC_PLL2_GetFreqClockFreq                0x08002b39   Thumb Code    40  stm32f1xx_ll_rcc.o(i.RCC_PLL2_GetFreqClockFreq)
    RCC_PLL_GetFreqDomain_SYS                0x08002b69   Thumb Code   146  stm32f1xx_ll_rcc.o(i.RCC_PLL_GetFreqDomain_SYS)
    SSD1306_Clear_Screen                     0x08002c09   Thumb Code    10  ssd1306.o(i.SSD1306_Clear_Screen)
    SSD1306_DrawPixel                        0x08002c15   Thumb Code   166  ssd1306.o(i.SSD1306_DrawPixel)
    SSD1306_Fill                             0x08002cc5   Thumb Code    56  ssd1306.o(i.SSD1306_Fill)
    SSD1306_GotoXY                           0x08002d05   Thumb Code     8  ssd1306.o(i.SSD1306_GotoXY)
    SSD1306_PageAdress                       0x08002d11   Thumb Code    38  ssd1306.o(i.SSD1306_PageAdress)
    SSD1306_Putc                             0x08002d3d   Thumb Code   164  ssd1306.o(i.SSD1306_Putc)
    SSD1306_Puts                             0x08002de5   Thumb Code    42  ssd1306.o(i.SSD1306_Puts)
    SSD1306_UpdateScreen                     0x08002e11   Thumb Code    16  ssd1306.o(i.SSD1306_UpdateScreen)
    Scan_Keys                                0x08002e25   Thumb Code   276  freertos.o(i.Scan_Keys)
    Select_Mode                              0x08002f55   Thumb Code   116  freertos.o(i.Select_Mode)
    Show_Display                             0x08002fe1   Thumb Code    12  freertos.o(i.Show_Display)
    StartDefaultTask                         0x08002fed   Thumb Code    12  freertos.o(i.StartDefaultTask)
    SysTick_Handler                          0x08002ff9   Thumb Code    46  port.o(i.SysTick_Handler)
    SystemClock_Config                       0x0800302d   Thumb Code   116  main.o(i.SystemClock_Config)
    SystemInit                               0x080030a5   Thumb Code     2  system_stm32f1xx.o(i.SystemInit)
    TIM4_IRQHandler                          0x080030a9   Thumb Code    28  tim.o(i.TIM4_IRQHandler)
    TIM6_IRQHandler                          0x080030c9   Thumb Code    10  stm32f1xx_it.o(i.TIM6_IRQHandler)
    TIM_Base_SetConfig                       0x080030d9   Thumb Code   116  stm32f1xx_hal_tim.o(i.TIM_Base_SetConfig)
    TIM_counter_PWM_Callback                 0x0800315d   Thumb Code    50  drive.o(i.TIM_counter_PWM_Callback)
    UsageFault_Handler                       0x080031cb   Thumb Code     4  stm32f1xx_it.o(i.UsageFault_Handler)
    _is_digit                                0x0800325b   Thumb Code    14  __printf_wp.o(i._is_digit)
    dbg_button_menu                          0x08003269   Thumb Code    40  menu.o(i.dbg_button_menu)
    delay_us                                 0x080032a1   Thumb Code    52  tim.o(i.delay_us)
    main                                     0x08003301   Thumb Code    68  main.o(i.main)
    main_menu                                0x08003345   Thumb Code    36  menu.o(i.main_menu)
    osDelay                                  0x08003379   Thumb Code    50  cmsis_os2.o(i.osDelay)
    osKernelInitialize                       0x080033b1   Thumb Code    58  cmsis_os2.o(i.osKernelInitialize)
    osKernelStart                            0x080033f1   Thumb Code    64  cmsis_os2.o(i.osKernelStart)
    osMessageQueueGet                        0x08003435   Thumb Code   144  cmsis_os2.o(i.osMessageQueueGet)
    osMessageQueueNew                        0x080034cd   Thumb Code   180  cmsis_os2.o(i.osMessageQueueNew)
    osMessageQueuePut                        0x08003585   Thumb Code   148  cmsis_os2.o(i.osMessageQueuePut)
    osThreadNew                              0x08003621   Thumb Code   216  cmsis_os2.o(i.osThreadNew)
    osThreadYield                            0x080036fd   Thumb Code    56  cmsis_os2.o(i.osThreadYield)
    osTimerNew                               0x0800373d   Thumb Code   194  cmsis_os2.o(i.osTimerNew)
    pvPortMalloc                             0x08004221   Thumb Code   296  heap_4.o(i.pvPortMalloc)
    pvTimerGetTimerID                        0x0800435d   Thumb Code    44  timers.o(i.pvTimerGetTimerID)
    pxPortInitialiseStack                    0x08004389   Thumb Code    30  port.o(i.pxPortInitialiseStack)
    scan_buttons_GPIO                        0x080043ad   Thumb Code   138  button.o(i.scan_buttons_GPIO)
    scan_keys                                0x08004441   Thumb Code    70  button.o(i.scan_keys)
    scan_keys_long                           0x08004491   Thumb Code    32  button.o(i.scan_keys_long)
    spi_write_buffer_DMA                     0x080044b1   Thumb Code   230  spi.o(i.spi_write_buffer_DMA)
    spi_write_byte                           0x080045b1   Thumb Code    26  spi.o(i.spi_write_byte)
    ssd1306_Init                             0x080045d1   Thumb Code   232  ssd1306.o(i.ssd1306_Init)
    ssd1306_SendCommand                      0x080046c1   Thumb Code    24  ssd1306_interface.o(i.ssd1306_SendCommand)
    ssd1306_SendDataBuffer                   0x080046dd   Thumb Code    12  ssd1306_interface.o(i.ssd1306_SendDataBuffer)
    timers_ini                               0x08004725   Thumb Code    12  tim.o(i.timers_ini)
    uxListRemove                             0x08004731   Thumb Code    40  list.o(i.uxListRemove)
    vApplicationGetIdleTaskMemory            0x08004759   Thumb Code    14  cmsis_os2.o(i.vApplicationGetIdleTaskMemory)
    vApplicationGetTimerTaskMemory           0x08004771   Thumb Code    16  cmsis_os2.o(i.vApplicationGetTimerTaskMemory)
    vListInitialise                          0x08004789   Thumb Code    26  list.o(i.vListInitialise)
    vListInitialiseItem                      0x080047a3   Thumb Code     6  list.o(i.vListInitialiseItem)
    vListInsert                              0x080047a9   Thumb Code    52  list.o(i.vListInsert)
    vListInsertEnd                           0x080047dd   Thumb Code    24  list.o(i.vListInsertEnd)
    vPortEnterCritical                       0x080047f5   Thumb Code    76  port.o(i.vPortEnterCritical)
    vPortExitCritical                        0x08004849   Thumb Code    56  port.o(i.vPortExitCritical)
    vPortFree                                0x08004885   Thumb Code   140  heap_4.o(i.vPortFree)
    vPortSetupTimerInterrupt                 0x08004919   Thumb Code    36  port.o(i.vPortSetupTimerInterrupt)
    vPortValidateInterruptPriority           0x08004941   Thumb Code   106  port.o(i.vPortValidateInterruptPriority)
    vQueueAddToRegistry                      0x080049b9   Thumb Code    38  queue.o(i.vQueueAddToRegistry)
    vQueueWaitForMessageRestricted           0x080049e5   Thumb Code    74  queue.o(i.vQueueWaitForMessageRestricted)
    vTaskDelay                               0x08004a31   Thumb Code    82  tasks.o(i.vTaskDelay)
    vTaskInternalSetTimeOutState             0x08004a8d   Thumb Code    14  tasks.o(i.vTaskInternalSetTimeOutState)
    vTaskMissedYield                         0x08004aa5   Thumb Code     8  tasks.o(i.vTaskMissedYield)
    vTaskPlaceOnEventList                    0x08004ab1   Thumb Code    52  tasks.o(i.vTaskPlaceOnEventList)
    vTaskPlaceOnEventListRestricted          0x08004ae9   Thumb Code    60  tasks.o(i.vTaskPlaceOnEventListRestricted)
    vTaskStartScheduler                      0x08004b29   Thumb Code   156  tasks.o(i.vTaskStartScheduler)
    vTaskSuspendAll                          0x08004be1   Thumb Code    12  tasks.o(i.vTaskSuspendAll)
    vTaskSwitchContext                       0x08004bf1   Thumb Code   122  tasks.o(i.vTaskSwitchContext)
    xPortStartScheduler                      0x08004c81   Thumb Code   228  port.o(i.xPortStartScheduler)
    xQueueGenericCreate                      0x08004d79   Thumb Code    94  queue.o(i.xQueueGenericCreate)
    xQueueGenericCreateStatic                0x08004dd7   Thumb Code   222  queue.o(i.xQueueGenericCreateStatic)
    xQueueGenericReset                       0x08004eb5   Thumb Code   146  queue.o(i.xQueueGenericReset)
    xQueueGenericSend                        0x08004f4d   Thumb Code   420  queue.o(i.xQueueGenericSend)
    xQueueGenericSendFromISR                 0x080050f5   Thumb Code   248  queue.o(i.xQueueGenericSendFromISR)
    xQueueReceive                            0x080051ed   Thumb Code   356  queue.o(i.xQueueReceive)
    xQueueReceiveFromISR                     0x08005355   Thumb Code   202  queue.o(i.xQueueReceiveFromISR)
    xTaskCheckForTimeOut                     0x08005421   Thumb Code   132  tasks.o(i.xTaskCheckForTimeOut)
    xTaskCreate                              0x080054ad   Thumb Code   100  tasks.o(i.xTaskCreate)
    xTaskCreateStatic                        0x08005511   Thumb Code   184  tasks.o(i.xTaskCreateStatic)
    xTaskGetSchedulerState                   0x080055c9   Thumb Code    24  tasks.o(i.xTaskGetSchedulerState)
    xTaskGetTickCount                        0x080055e9   Thumb Code     6  tasks.o(i.xTaskGetTickCount)
    xTaskIncrementTick                       0x080055f5   Thumb Code   280  tasks.o(i.xTaskIncrementTick)
    xTaskPriorityDisinherit                  0x08005739   Thumb Code   152  tasks.o(i.xTaskPriorityDisinherit)
    xTaskRemoveFromEventList                 0x080057dd   Thumb Code   126  tasks.o(i.xTaskRemoveFromEventList)
    xTaskResumeAll                           0x08005875   Thumb Code   222  tasks.o(i.xTaskResumeAll)
    xTimerCreate                             0x08005979   Thumb Code    54  timers.o(i.xTimerCreate)
    xTimerCreateStatic                       0x080059af   Thumb Code   112  timers.o(i.xTimerCreateStatic)
    xTimerCreateTimerTask                    0x08005a21   Thumb Code   100  timers.o(i.xTimerCreateTimerTask)
    xTimerGenericCommand                     0x08005a99   Thumb Code   128  timers.o(i.xTimerGenericCommand)
    ButtonTimer_attributes                   0x08005b48   Data          16  freertos.o(.constdata)
    TaskMenuDisplay_attributes               0x08005b58   Data          36  freertos.o(.constdata)
    TaskSelectMode_attributes                0x08005b7c   Data          36  freertos.o(.constdata)
    TaskScanKeys_attributes                  0x08005ba0   Data          36  freertos.o(.constdata)
    BtnQueue_attributes                      0x08005bc4   Data          24  freertos.o(.constdata)
    defaultTask_attributes                   0x08005bdc   Data          36  freertos.o(.constdata)
    AHBPrescTable                            0x08005c54   Data          16  system_stm32f1xx.o(.constdata)
    APBPrescTable                            0x08005c64   Data           8  system_stm32f1xx.o(.constdata)
    Font7x10                                 0x08005c96   Data        1200  fonts.o(.constdata)
    Font11x18                                0x08006146   Data        2124  fonts.o(.constdata)
    Font16x26                                0x08006992   Data        3068  fonts.o(.constdata)
    Region$$Table$$Base                      0x080075f4   Number         0  anon$$obj.o(Region$$Table)
    Region$$Table$$Limit                     0x08007614   Number         0  anon$$obj.o(Region$$Table)
    step_unit                                0x20000000   Data           4  drive.o(.data)
    Drive2_PWM                               0x20000004   Data           8  drive.o(.data)
    flag_turn_end                            0x2000000c   Data           1  drive.o(.data)
    btn_info                                 0x20000010   Data           3  freertos.o(.data)
    ButtonTimerHandle                        0x20000014   Data           4  freertos.o(.data)
    TaskMenuDisplay_Handle                   0x20000018   Data           4  freertos.o(.data)
    TaskSelectMode_Handle                    0x2000001c   Data           4  freertos.o(.data)
    TaskScanKeys_Handle                      0x20000020   Data           4  freertos.o(.data)
    BtnQueueHandle                           0x20000024   Data           4  freertos.o(.data)
    BtnQueueBuffer                           0x20000028   Data           4  freertos.o(.data)
    defaultTaskHandle                        0x2000002c   Data           4  freertos.o(.data)
    count                                    0x20000030   Data           1  spi.o(.data)
    uwTick                                   0x20000034   Data           4  stm32f1xx_hal.o(.data)
    uwTickPrio                               0x20000038   Data           4  stm32f1xx_hal.o(.data)
    uwTickFreq                               0x2000003c   Data           1  stm32f1xx_hal.o(.data)
    SystemCoreClock                          0x20000040   Data           4  system_stm32f1xx.o(.data)
    pxCurrentTCB                             0x20000044   Data           4  tasks.o(.data)
    Font_7x10                                0x200000bc   Data           8  fonts.o(.data)
    Font_11x18                               0x200000c4   Data           8  fonts.o(.data)
    Font_16x26                               0x200000cc   Data           8  fonts.o(.data)
    Coil1                                    0x200000dc   Data          23  freertos.o(.bss)
    BtnQueueControlBlock                     0x200000f4   Data          80  freertos.o(.bss)
    DBG_buffer                               0x20000144   Data          50  usart.o(.bss)
    htim6                                    0x20000178   Data          72  stm32f1xx_hal_timebase_tim.o(.bss)
    xQueueRegistry                           0x200001c0   Data          64  queue.o(.bss)
    SSD1306_Buffer                           0x20001e94   Data         528  ssd1306.o(.bss)
    LCD_buff                                 0x200020a4   Data          16  ssd1306.o(.bss)
    __libspace_start                         0x200020b4   Data          96  libspace.o(.bss)
    __temporary_stack_top$libspace           0x20002114   Data           0  libspace.o(.bss)



==============================================================================

Memory Map of the image

  Image Entry point : 0x08000151

  Load Region LR_IROM1 (Base: 0x08000000, Size: 0x000076f0, Max: 0x00020000, ABSOLUTE)

    Execution Region ER_IROM1 (Exec base: 0x08000000, Load base: 0x08000000, Size: 0x00007614, Max: 0x00020000, ABSOLUTE)

    Exec Addr    Load Addr    Size         Type   Attr      Idx    E Section Name        Object

    0x08000000   0x08000000   0x00000150   Data   RO            3    RESET               startup_stm32f105xc.o
    0x08000150   0x08000150   0x00000008   Code   RO         6061  * !!!main             c_w.l(__main.o)
    0x08000158   0x08000158   0x00000034   Code   RO         6243    !!!scatter          c_w.l(__scatter.o)
    0x0800018c   0x0800018c   0x0000001a   Code   RO         6245    !!handler_copy      c_w.l(__scatter_copy.o)
    0x080001a6   0x080001a6   0x00000002   PAD
    0x080001a8   0x080001a8   0x0000001c   Code   RO         6247    !!handler_zi        c_w.l(__scatter_zi.o)
    0x080001c4   0x080001c4   0x00000000   Code   RO         6046    .ARM.Collect$$_printf_percent$$00000000  c_w.l(_printf_percent.o)
    0x080001c4   0x080001c4   0x00000006   Code   RO         6045    .ARM.Collect$$_printf_percent$$0000000A  c_w.l(_printf_u.o)
    0x080001ca   0x080001ca   0x00000004   Code   RO         6076    .ARM.Collect$$_printf_percent$$00000017  c_w.l(_printf_percent_end.o)
    0x080001ce   0x080001ce   0x00000002   Code   RO         6111    .ARM.Collect$$libinit$$00000000  c_w.l(libinit.o)
    0x080001d0   0x080001d0   0x00000000   Code   RO         6124    .ARM.Collect$$libinit$$00000002  c_w.l(libinit2.o)
    0x080001d0   0x080001d0   0x00000000   Code   RO         6126    .ARM.Collect$$libinit$$00000004  c_w.l(libinit2.o)
    0x080001d0   0x080001d0   0x00000000   Code   RO         6129    .ARM.Collect$$libinit$$0000000A  c_w.l(libinit2.o)
    0x080001d0   0x080001d0   0x00000000   Code   RO         6131    .ARM.Collect$$libinit$$0000000C  c_w.l(libinit2.o)
    0x080001d0   0x080001d0   0x00000000   Code   RO         6133    .ARM.Collect$$libinit$$0000000E  c_w.l(libinit2.o)
    0x080001d0   0x080001d0   0x00000000   Code   RO         6136    .ARM.Collect$$libinit$$00000011  c_w.l(libinit2.o)
    0x080001d0   0x080001d0   0x00000000   Code   RO         6138    .ARM.Collect$$libinit$$00000013  c_w.l(libinit2.o)
    0x080001d0   0x080001d0   0x00000000   Code   RO         6140    .ARM.Collect$$libinit$$00000015  c_w.l(libinit2.o)
    0x080001d0   0x080001d0   0x00000000   Code   RO         6142    .ARM.Collect$$libinit$$00000017  c_w.l(libinit2.o)
    0x080001d0   0x080001d0   0x00000000   Code   RO         6144    .ARM.Collect$$libinit$$00000019  c_w.l(libinit2.o)
    0x080001d0   0x080001d0   0x00000000   Code   RO         6146    .ARM.Collect$$libinit$$0000001B  c_w.l(libinit2.o)
    0x080001d0   0x080001d0   0x00000000   Code   RO         6148    .ARM.Collect$$libinit$$0000001D  c_w.l(libinit2.o)
    0x080001d0   0x080001d0   0x00000000   Code   RO         6150    .ARM.Collect$$libinit$$0000001F  c_w.l(libinit2.o)
    0x080001d0   0x080001d0   0x00000000   Code   RO         6152    .ARM.Collect$$libinit$$00000021  c_w.l(libinit2.o)
    0x080001d0   0x080001d0   0x00000000   Code   RO         6154    .ARM.Collect$$libinit$$00000023  c_w.l(libinit2.o)
    0x080001d0   0x080001d0   0x00000000   Code   RO         6156    .ARM.Collect$$libinit$$00000025  c_w.l(libinit2.o)
    0x080001d0   0x080001d0   0x00000000   Code   RO         6160    .ARM.Collect$$libinit$$0000002C  c_w.l(libinit2.o)
    0x080001d0   0x080001d0   0x00000000   Code   RO         6162    .ARM.Collect$$libinit$$0000002E  c_w.l(libinit2.o)
    0x080001d0   0x080001d0   0x00000000   Code   RO         6164    .ARM.Collect$$libinit$$00000030  c_w.l(libinit2.o)
    0x080001d0   0x080001d0   0x00000000   Code   RO         6166    .ARM.Collect$$libinit$$00000032  c_w.l(libinit2.o)
    0x080001d0   0x080001d0   0x00000002   Code   RO         6167    .ARM.Collect$$libinit$$00000033  c_w.l(libinit2.o)
    0x080001d2   0x080001d2   0x00000002   Code   RO         6198    .ARM.Collect$$libshutdown$$00000000  c_w.l(libshutdown.o)
    0x080001d4   0x080001d4   0x00000000   Code   RO         6224    .ARM.Collect$$libshutdown$$00000002  c_w.l(libshutdown2.o)
    0x080001d4   0x080001d4   0x00000000   Code   RO         6226    .ARM.Collect$$libshutdown$$00000004  c_w.l(libshutdown2.o)
    0x080001d4   0x080001d4   0x00000000   Code   RO         6228    .ARM.Collect$$libshutdown$$00000006  c_w.l(libshutdown2.o)
    0x080001d4   0x080001d4   0x00000000   Code   RO         6231    .ARM.Collect$$libshutdown$$00000009  c_w.l(libshutdown2.o)
    0x080001d4   0x080001d4   0x00000000   Code   RO         6234    .ARM.Collect$$libshutdown$$0000000C  c_w.l(libshutdown2.o)
    0x080001d4   0x080001d4   0x00000000   Code   RO         6236    .ARM.Collect$$libshutdown$$0000000E  c_w.l(libshutdown2.o)
    0x080001d4   0x080001d4   0x00000000   Code   RO         6239    .ARM.Collect$$libshutdown$$00000011  c_w.l(libshutdown2.o)
    0x080001d4   0x080001d4   0x00000002   Code   RO         6240    .ARM.Collect$$libshutdown$$00000012  c_w.l(libshutdown2.o)
    0x080001d6   0x080001d6   0x00000000   Code   RO         6063    .ARM.Collect$$rtentry$$00000000  c_w.l(__rtentry.o)
    0x080001d6   0x080001d6   0x00000000   Code   RO         6080    .ARM.Collect$$rtentry$$00000002  c_w.l(__rtentry2.o)
    0x080001d6   0x080001d6   0x00000006   Code   RO         6092    .ARM.Collect$$rtentry$$00000004  c_w.l(__rtentry4.o)
    0x080001dc   0x080001dc   0x00000000   Code   RO         6082    .ARM.Collect$$rtentry$$00000009  c_w.l(__rtentry2.o)
    0x080001dc   0x080001dc   0x00000004   Code   RO         6083    .ARM.Collect$$rtentry$$0000000A  c_w.l(__rtentry2.o)
    0x080001e0   0x080001e0   0x00000000   Code   RO         6085    .ARM.Collect$$rtentry$$0000000C  c_w.l(__rtentry2.o)
    0x080001e0   0x080001e0   0x00000008   Code   RO         6086    .ARM.Collect$$rtentry$$0000000D  c_w.l(__rtentry2.o)
    0x080001e8   0x080001e8   0x00000002   Code   RO         6115    .ARM.Collect$$rtexit$$00000000  c_w.l(rtexit.o)
    0x080001ea   0x080001ea   0x00000000   Code   RO         6171    .ARM.Collect$$rtexit$$00000002  c_w.l(rtexit2.o)
    0x080001ea   0x080001ea   0x00000004   Code   RO         6172    .ARM.Collect$$rtexit$$00000003  c_w.l(rtexit2.o)
    0x080001ee   0x080001ee   0x00000006   Code   RO         6173    .ARM.Collect$$rtexit$$00000004  c_w.l(rtexit2.o)
    0x080001f4   0x080001f4   0x00000096   Code   RO         5631    .emb_text           port.o
    0x0800028a   0x0800028a   0x00000002   PAD
    0x0800028c   0x0800028c   0x00000040   Code   RO            4    .text               startup_stm32f105xc.o
    0x080002cc   0x080002cc   0x000000ee   Code   RO         6006    .text               c_w.l(lludivv7m.o)
    0x080003ba   0x080003ba   0x00000002   PAD
    0x080003bc   0x080003bc   0x00000028   Code   RO         6014    .text               c_w.l(noretval__2sprintf.o)
    0x080003e4   0x080003e4   0x00000034   Code   RO         6016    .text               c_w.l(noretval__2snprintf.o)
    0x08000418   0x08000418   0x00000078   Code   RO         6022    .text               c_w.l(_printf_dec.o)
    0x08000490   0x08000490   0x00000138   Code   RO         6036    .text               c_w.l(__printf_flags_wp.o)
    0x080005c8   0x080005c8   0x0000008a   Code   RO         6049    .text               c_w.l(rt_memcpy_v6.o)
    0x08000652   0x08000652   0x00000010   Code   RO         6053    .text               c_w.l(aeabi_memset.o)
    0x08000662   0x08000662   0x00000044   Code   RO         6055    .text               c_w.l(rt_memclr.o)
    0x080006a6   0x080006a6   0x0000004e   Code   RO         6057    .text               c_w.l(rt_memclr_w.o)
    0x080006f4   0x080006f4   0x00000006   Code   RO         6059    .text               c_w.l(heapauxi.o)
    0x080006fa   0x080006fa   0x000000b2   Code   RO         6068    .text               c_w.l(_printf_intcommon.o)
    0x080007ac   0x080007ac   0x00000030   Code   RO         6070    .text               c_w.l(_printf_char_common.o)
    0x080007dc   0x080007dc   0x0000000a   Code   RO         6072    .text               c_w.l(_sputc.o)
    0x080007e6   0x080007e6   0x00000010   Code   RO         6074    .text               c_w.l(_snputc.o)
    0x080007f6   0x080007f6   0x00000064   Code   RO         6077    .text               c_w.l(rt_memcpy_w.o)
    0x0800085a   0x0800085a   0x0000004a   Code   RO         6098    .text               c_w.l(sys_stackheap_outer.o)
    0x080008a4   0x080008a4   0x00000012   Code   RO         6100    .text               c_w.l(exit.o)
    0x080008b6   0x080008b6   0x00000002   PAD
    0x080008b8   0x080008b8   0x00000008   Code   RO         6112    .text               c_w.l(libspace.o)
    0x080008c0   0x080008c0   0x0000000c   Code   RO         6168    .text               c_w.l(sys_exit.o)
    0x080008cc   0x080008cc   0x00000002   Code   RO         6187    .text               c_w.l(use_no_semi.o)
    0x080008ce   0x080008ce   0x00000000   Code   RO         6189    .text               c_w.l(indicate_semi.o)
    0x080008ce   0x080008ce   0x00000004   Code   RO         1080    i.BusFault_Handler  stm32f1xx_it.o
    0x080008d2   0x080008d2   0x00000002   PAD
    0x080008d4   0x080008d4   0x00000040   Code   RO          502    i.ButtonTimerCallback  freertos.o
    0x08000914   0x08000914   0x0000002c   Code   RO         1037    i.DBG_PutString     usart.o
    0x08000940   0x08000940   0x00000018   Code   RO          718    i.DMA1_Channel5_Callback  spi.o
    0x08000958   0x08000958   0x00000034   Code   RO         1081    i.DMA1_Channel5_IRQHandler  stm32f1xx_it.o
    0x0800098c   0x0800098c   0x00000002   Code   RO         1082    i.DebugMon_Handler  stm32f1xx_it.o
    0x0800098e   0x0800098e   0x00000006   Code   RO          376    i.Error_Handler     main.o
    0x08000994   0x08000994   0x0000000c   Code   RO         1360    i.HAL_GetTick       stm32f1xx_hal.o
    0x080009a0   0x080009a0   0x00000018   Code   RO         1366    i.HAL_IncTick       stm32f1xx_hal.o
    0x080009b8   0x080009b8   0x00000028   Code   RO         1367    i.HAL_Init          stm32f1xx_hal.o
    0x080009e0   0x080009e0   0x000000b4   Code   RO         1181    i.HAL_InitTick      stm32f1xx_hal_timebase_tim.o
    0x08000a94   0x08000a94   0x00000060   Code   RO         1155    i.HAL_MspInit       stm32f1xx_hal_msp.o
    0x08000af4   0x08000af4   0x00000020   Code   RO         1853    i.HAL_NVIC_EnableIRQ  stm32f1xx_hal_cortex.o
    0x08000b14   0x08000b14   0x0000007c   Code   RO         1859    i.HAL_NVIC_SetPriority  stm32f1xx_hal_cortex.o
    0x08000b90   0x08000b90   0x00000028   Code   RO         1860    i.HAL_NVIC_SetPriorityGrouping  stm32f1xx_hal_cortex.o
    0x08000bb8   0x08000bb8   0x0000018c   Code   RO         1524    i.HAL_RCC_ClockConfig  stm32f1xx_hal_rcc.o
    0x08000d44   0x08000d44   0x00000044   Code   RO         1528    i.HAL_RCC_GetClockConfig  stm32f1xx_hal_rcc.o
    0x08000d88   0x08000d88   0x0000000c   Code   RO         1529    i.HAL_RCC_GetHCLKFreq  stm32f1xx_hal_rcc.o
    0x08000d94   0x08000d94   0x00000020   Code   RO         1531    i.HAL_RCC_GetPCLK1Freq  stm32f1xx_hal_rcc.o
    0x08000db4   0x08000db4   0x00000124   Code   RO         1533    i.HAL_RCC_GetSysClockFreq  stm32f1xx_hal_rcc.o
    0x08000ed8   0x08000ed8   0x0000056c   Code   RO         1536    i.HAL_RCC_OscConfig  stm32f1xx_hal_rcc.o
    0x08001444   0x08001444   0x00000002   Code   RO         3515    i.HAL_TIMEx_BreakCallback  stm32f1xx_hal_tim_ex.o
    0x08001446   0x08001446   0x00000002   Code   RO         3516    i.HAL_TIMEx_CommutCallback  stm32f1xx_hal_tim_ex.o
    0x08001448   0x08001448   0x00000066   Code   RO         2800    i.HAL_TIM_Base_Init  stm32f1xx_hal_tim.o
    0x080014ae   0x080014ae   0x00000002   Code   RO         2802    i.HAL_TIM_Base_MspInit  stm32f1xx_hal_tim.o
    0x080014b0   0x080014b0   0x00000084   Code   RO         2805    i.HAL_TIM_Base_Start_IT  stm32f1xx_hal_tim.o
    0x08001534   0x08001534   0x00000002   Code   RO         2834    i.HAL_TIM_IC_CaptureCallback  stm32f1xx_hal_tim.o
    0x08001536   0x08001536   0x00000196   Code   RO         2848    i.HAL_TIM_IRQHandler  stm32f1xx_hal_tim.o
    0x080016cc   0x080016cc   0x00000002   Code   RO         2851    i.HAL_TIM_OC_DelayElapsedCallback  stm32f1xx_hal_tim.o
    0x080016ce   0x080016ce   0x00000002   Code   RO         2878    i.HAL_TIM_PWM_PulseFinishedCallback  stm32f1xx_hal_tim.o
    0x080016d0   0x080016d0   0x00000018   Code   RO          377    i.HAL_TIM_PeriodElapsedCallback  main.o
    0x080016e8   0x080016e8   0x00000002   Code   RO         2891    i.HAL_TIM_TriggerCallback  stm32f1xx_hal_tim.o
    0x080016ea   0x080016ea   0x00000004   Code   RO         1083    i.HardFault_Handler  stm32f1xx_it.o
    0x080016ee   0x080016ee   0x00000002   PAD
    0x080016f0   0x080016f0   0x0000001c   Code   RO          800    i.LL_APB1_GRP1_EnableClock  tim.o
    0x0800170c   0x0800170c   0x0000001c   Code   RO          460    i.LL_APB2_GRP1_EnableClock  gpio.o
    0x08001728   0x08001728   0x0000001c   Code   RO          801    i.LL_APB2_GRP1_EnableClock  tim.o
    0x08001744   0x08001744   0x0000001c   Code   RO          719    i.LL_DMA_DisableChannel  spi.o
    0x08001760   0x08001760   0x00000128   Code   RO         1259    i.LL_GPIO_Init      stm32f1xx_ll_gpio.o
    0x08001888   0x08001888   0x0000001a   Code   RO          328    i.LL_GPIO_IsInputPinSet  button.o
    0x080018a2   0x080018a2   0x00000008   Code   RO          203    i.LL_GPIO_ResetOutputPin  drive.o
    0x080018aa   0x080018aa   0x00000008   Code   RO          461    i.LL_GPIO_ResetOutputPin  gpio.o
    0x080018b2   0x080018b2   0x00000008   Code   RO         5800    i.LL_GPIO_ResetOutputPin  ssd1306.o
    0x080018ba   0x080018ba   0x00000008   Code   RO          720    i.LL_GPIO_SetOutputPin  spi.o
    0x080018c2   0x080018c2   0x00000008   Code   RO         5801    i.LL_GPIO_SetOutputPin  ssd1306.o
    0x080018ca   0x080018ca   0x00000002   PAD
    0x080018cc   0x080018cc   0x000000bc   Code   RO         2667    i.LL_I2C_ConfigSpeed  stm32f1xx_ll_i2c.o
    0x08001988   0x08001988   0x00000068   Code   RO         2669    i.LL_I2C_Init       stm32f1xx_ll_i2c.o
    0x080019f0   0x080019f0   0x00000024   Code   RO         2382    i.LL_RCC_GetSystemClocksFreq  stm32f1xx_ll_rcc.o
    0x08001a14   0x08001a14   0x0000006c   Code   RO         2729    i.LL_SPI_Init       stm32f1xx_ll_spi.o
    0x08001a80   0x08001a80   0x0000000a   Code   RO          721    i.LL_SPI_IsActiveFlag_TXE  spi.o
    0x08001a8a   0x08001a8a   0x00000004   Code   RO          722    i.LL_SPI_TransmitData8  spi.o
    0x08001a8e   0x08001a8e   0x00000052   Code   RO         3788    i.LL_TIM_BDTR_Init  stm32f1xx_ll_tim.o
    0x08001ae0   0x08001ae0   0x00000008   Code   RO          802    i.LL_TIM_CC_DisableChannel  tim.o
    0x08001ae8   0x08001ae8   0x00000008   Code   RO          803    i.LL_TIM_CC_EnableChannel  tim.o
    0x08001af0   0x08001af0   0x00000008   Code   RO          804    i.LL_TIM_ClearFlag_UPDATE  tim.o
    0x08001af8   0x08001af8   0x0000000a   Code   RO          805    i.LL_TIM_DisableARRPreload  tim.o
    0x08001b02   0x08001b02   0x0000000a   Code   RO          806    i.LL_TIM_DisableCounter  tim.o
    0x08001b0c   0x08001b0c   0x0000000a   Code   RO          807    i.LL_TIM_DisableMasterSlaveMode  tim.o
    0x08001b16   0x08001b16   0x0000000a   Code   RO          809    i.LL_TIM_EnableCounter  tim.o
    0x08001b20   0x08001b20   0x0000000a   Code   RO          810    i.LL_TIM_EnableIT_UPDATE  tim.o
    0x08001b2a   0x08001b2a   0x00000002   PAD
    0x08001b2c   0x08001b2c   0x0000006c   Code   RO          811    i.LL_TIM_IC_SetActiveInput  tim.o
    0x08001b98   0x08001b98   0x0000006c   Code   RO          812    i.LL_TIM_IC_SetFilter  tim.o
    0x08001c04   0x08001c04   0x00000058   Code   RO          813    i.LL_TIM_IC_SetPolarity  tim.o
    0x08001c5c   0x08001c5c   0x0000006c   Code   RO          814    i.LL_TIM_IC_SetPrescaler  tim.o
    0x08001cc8   0x08001cc8   0x00000094   Code   RO         3797    i.LL_TIM_Init       stm32f1xx_ll_tim.o
    0x08001d5c   0x08001d5c   0x0000000a   Code   RO          815    i.LL_TIM_IsActiveFlag_UPDATE  tim.o
    0x08001d66   0x08001d66   0x00000002   PAD
    0x08001d68   0x08001d68   0x00000060   Code   RO          816    i.LL_TIM_OC_DisableFast  tim.o
    0x08001dc8   0x08001dc8   0x00000060   Code   RO          817    i.LL_TIM_OC_EnablePreload  tim.o
    0x08001e28   0x08001e28   0x0000005c   Code   RO         3798    i.LL_TIM_OC_Init    stm32f1xx_ll_tim.o
    0x08001e84   0x08001e84   0x00000004   Code   RO         3799    i.LL_TIM_OC_SetCompareCH2  stm32f1xx_ll_tim.o
    0x08001e88   0x08001e88   0x00000004   Code   RO          818    i.LL_TIM_SetAutoReload  tim.o
    0x08001e8c   0x08001e8c   0x0000000e   Code   RO          819    i.LL_TIM_SetClockSource  tim.o
    0x08001e9a   0x08001e9a   0x00000004   Code   RO          820    i.LL_TIM_SetCounter  tim.o
    0x08001e9e   0x08001e9e   0x0000000c   Code   RO          821    i.LL_TIM_SetTriggerOutput  tim.o
    0x08001eaa   0x08001eaa   0x00000002   PAD
    0x08001eac   0x08001eac   0x000000b0   Code   RO         3943    i.LL_USART_Init     stm32f1xx_ll_usart.o
    0x08001f5c   0x08001f5c   0x0000000a   Code   RO         3944    i.LL_USART_IsEnabled  stm32f1xx_ll_usart.o
    0x08001f66   0x08001f66   0x0000009e   Code   RO         3945    i.LL_USART_SetBaudRate  stm32f1xx_ll_usart.o
    0x08002004   0x08002004   0x000000d0   Code   RO          576    i.MX_DMA_Init       dma.o
    0x080020d4   0x080020d4   0x000000a0   Code   RO          503    i.MX_FREERTOS_Init  freertos.o
    0x08002174   0x08002174   0x000000c4   Code   RO          462    i.MX_GPIO_Init      gpio.o
    0x08002238   0x08002238   0x000000e8   Code   RO          623    i.MX_I2C1_Init      i2c.o
    0x08002320   0x08002320   0x000001c4   Code   RO          723    i.MX_SPI2_Init      spi.o
    0x080024e4   0x080024e4   0x00000114   Code   RO          822    i.MX_TIM1_Init      tim.o
    0x080025f8   0x080025f8   0x000000d8   Code   RO          823    i.MX_TIM3_Init      tim.o
    0x080026d0   0x080026d0   0x000000a8   Code   RO          824    i.MX_TIM4_Init      tim.o
    0x08002778   0x08002778   0x000000ec   Code   RO         1038    i.MX_USART3_UART_Init  usart.o
    0x08002864   0x08002864   0x00000004   Code   RO         1084    i.MemManage_Handler  stm32f1xx_it.o
    0x08002868   0x08002868   0x00000004   Code   RO         1085    i.NMI_Handler       stm32f1xx_it.o
    0x0800286c   0x0800286c   0x00000078   Code   RO         3802    i.OC1Config         stm32f1xx_ll_tim.o
    0x080028e4   0x080028e4   0x00000084   Code   RO         3803    i.OC2Config         stm32f1xx_ll_tim.o
    0x08002968   0x08002968   0x00000078   Code   RO         3804    i.OC3Config         stm32f1xx_ll_tim.o
    0x080029e0   0x080029e0   0x00000058   Code   RO         3805    i.OC4Config         stm32f1xx_ll_tim.o
    0x08002a38   0x08002a38   0x00000034   Code   RO          827    i.PWM_stop          tim.o
    0x08002a6c   0x08002a6c   0x00000028   Code   RO         1537    i.RCC_Delay         stm32f1xx_hal_rcc.o
    0x08002a94   0x08002a94   0x00000020   Code   RO         2385    i.RCC_GetHCLKClockFreq  stm32f1xx_ll_rcc.o
    0x08002ab4   0x08002ab4   0x00000024   Code   RO         2386    i.RCC_GetPCLK1ClockFreq  stm32f1xx_ll_rcc.o
    0x08002ad8   0x08002ad8   0x00000024   Code   RO         2387    i.RCC_GetPCLK2ClockFreq  stm32f1xx_ll_rcc.o
    0x08002afc   0x08002afc   0x0000003c   Code   RO         2388    i.RCC_GetSystemClockFreq  stm32f1xx_ll_rcc.o
    0x08002b38   0x08002b38   0x00000030   Code   RO         2389    i.RCC_PLL2_GetFreqClockFreq  stm32f1xx_ll_rcc.o
    0x08002b68   0x08002b68   0x000000a0   Code   RO         2391    i.RCC_PLL_GetFreqDomain_SYS  stm32f1xx_ll_rcc.o
    0x08002c08   0x08002c08   0x0000000a   Code   RO         5802    i.SSD1306_Clear_Screen  ssd1306.o
    0x08002c12   0x08002c12   0x00000002   PAD
    0x08002c14   0x08002c14   0x000000b0   Code   RO         5808    i.SSD1306_DrawPixel  ssd1306.o
    0x08002cc4   0x08002cc4   0x00000040   Code   RO         5811    i.SSD1306_Fill      ssd1306.o
    0x08002d04   0x08002d04   0x0000000c   Code   RO         5812    i.SSD1306_GotoXY    ssd1306.o
    0x08002d10   0x08002d10   0x0000002c   Code   RO         5813    i.SSD1306_PageAdress  ssd1306.o
    0x08002d3c   0x08002d3c   0x000000a8   Code   RO         5816    i.SSD1306_Putc      ssd1306.o
    0x08002de4   0x08002de4   0x0000002a   Code   RO         5817    i.SSD1306_Puts      ssd1306.o
    0x08002e0e   0x08002e0e   0x00000002   PAD
    0x08002e10   0x08002e10   0x00000014   Code   RO         5819    i.SSD1306_UpdateScreen  ssd1306.o
    0x08002e24   0x08002e24   0x00000130   Code   RO          504    i.Scan_Keys         freertos.o
    0x08002f54   0x08002f54   0x0000008c   Code   RO          505    i.Select_Mode       freertos.o
    0x08002fe0   0x08002fe0   0x0000000c   Code   RO          506    i.Show_Display      freertos.o
    0x08002fec   0x08002fec   0x0000000c   Code   RO          507    i.StartDefaultTask  freertos.o
    0x08002ff8   0x08002ff8   0x00000034   Code   RO         5632    i.SysTick_Handler   port.o
    0x0800302c   0x0800302c   0x00000078   Code   RO          378    i.SystemClock_Config  main.o
    0x080030a4   0x080030a4   0x00000002   Code   RO         4010    i.SystemInit        system_stm32f1xx.o
    0x080030a6   0x080030a6   0x00000002   PAD
    0x080030a8   0x080030a8   0x00000020   Code   RO          828    i.TIM4_IRQHandler   tim.o
    0x080030c8   0x080030c8   0x00000010   Code   RO         1086    i.TIM6_IRQHandler   stm32f1xx_it.o
    0x080030d8   0x080030d8   0x00000084   Code   RO         2893    i.TIM_Base_SetConfig  stm32f1xx_hal_tim.o
    0x0800315c   0x0800315c   0x00000058   Code   RO          206    i.TIM_counter_PWM_Callback  drive.o
    0x080031b4   0x080031b4   0x00000016   Code   RO         5145    i.TimerCallback     cmsis_os2.o
    0x080031ca   0x080031ca   0x00000004   Code   RO         1087    i.UsageFault_Handler  stm32f1xx_it.o
    0x080031ce   0x080031ce   0x0000001a   Code   RO          829    i.__NVIC_EnableIRQ  tim.o
    0x080031e8   0x080031e8   0x00000010   Code   RO         1866    i.__NVIC_GetPriorityGrouping  stm32f1xx_hal_cortex.o
    0x080031f8   0x080031f8   0x00000028   Code   RO          830    i.__NVIC_SetPriority  tim.o
    0x08003220   0x08003220   0x00000028   Code   RO         1867    i.__NVIC_SetPriority  stm32f1xx_hal_cortex.o
    0x08003248   0x08003248   0x00000006   Code   RO         5146    i.__get_BASEPRI     cmsis_os2.o
    0x0800324e   0x0800324e   0x00000006   Code   RO         5147    i.__get_IPSR        cmsis_os2.o
    0x08003254   0x08003254   0x00000006   Code   RO         5148    i.__get_PRIMASK     cmsis_os2.o
    0x0800325a   0x0800325a   0x0000000e   Code   RO         6034    i._is_digit         c_w.l(__printf_wp.o)
    0x08003268   0x08003268   0x00000038   Code   RO         5742    i.dbg_button_menu   menu.o
    0x080032a0   0x080032a0   0x00000038   Code   RO          831    i.delay_us          tim.o
    0x080032d8   0x080032d8   0x00000028   Code   RO          832    i.encoder1_init     tim.o
    0x08003300   0x08003300   0x00000044   Code   RO          379    i.main              main.o
    0x08003344   0x08003344   0x00000034   Code   RO         5743    i.main_menu         menu.o
    0x08003378   0x08003378   0x00000038   Code   RO         5149    i.osDelay           cmsis_os2.o
    0x080033b0   0x080033b0   0x00000040   Code   RO         5163    i.osKernelInitialize  cmsis_os2.o
    0x080033f0   0x080033f0   0x00000044   Code   RO         5166    i.osKernelStart     cmsis_os2.o
    0x08003434   0x08003434   0x00000098   Code   RO         5169    i.osMessageQueueGet  cmsis_os2.o
    0x080034cc   0x080034cc   0x000000b8   Code   RO         5174    i.osMessageQueueNew  cmsis_os2.o
    0x08003584   0x08003584   0x0000009c   Code   RO         5175    i.osMessageQueuePut  cmsis_os2.o
    0x08003620   0x08003620   0x000000dc   Code   RO         5200    i.osThreadNew       cmsis_os2.o
    0x080036fc   0x080036fc   0x00000040   Code   RO         5205    i.osThreadYield     cmsis_os2.o
    0x0800373c   0x0800373c   0x000000cc   Code   RO         5209    i.osTimerNew        cmsis_os2.o
    0x08003808   0x08003808   0x0000007c   Code   RO         4621    i.prvAddCurrentTaskToDelayedList  tasks.o
    0x08003884   0x08003884   0x000000b8   Code   RO         4622    i.prvAddNewTaskToReadyList  tasks.o
    0x0800393c   0x0800393c   0x00000074   Code   RO         4982    i.prvCheckForValidListAndQueue  timers.o
    0x080039b0   0x080039b0   0x00000048   Code   RO         4623    i.prvCheckTasksWaitingTermination  tasks.o
    0x080039f8   0x080039f8   0x0000002a   Code   RO         4214    i.prvCopyDataFromQueue  queue.o
    0x08003a22   0x08003a22   0x0000007c   Code   RO         4215    i.prvCopyDataToQueue  queue.o
    0x08003a9e   0x08003a9e   0x00000050   Code   RO         4624    i.prvDeleteTCB      tasks.o
    0x08003aee   0x08003aee   0x00000002   PAD
    0x08003af0   0x08003af0   0x00000028   Code   RO         4983    i.prvGetNextExpireTime  timers.o
    0x08003b18   0x08003b18   0x0000007c   Code   RO         5582    i.prvHeapInit       heap_4.o
    0x08003b94   0x08003b94   0x00000028   Code   RO         4625    i.prvIdleTask       tasks.o
    0x08003bbc   0x08003bbc   0x0000002a   Code   RO         4218    i.prvInitialiseNewQueue  queue.o
    0x08003be6   0x08003be6   0x000000b4   Code   RO         4626    i.prvInitialiseNewTask  tasks.o
    0x08003c9a   0x08003c9a   0x0000004e   Code   RO         4984    i.prvInitialiseNewTimer  timers.o
    0x08003ce8   0x08003ce8   0x00000068   Code   RO         4627    i.prvInitialiseTaskLists  tasks.o
    0x08003d50   0x08003d50   0x00000068   Code   RO         5583    i.prvInsertBlockIntoFreeList  heap_4.o
    0x08003db8   0x08003db8   0x00000058   Code   RO         4985    i.prvInsertTimerInActiveList  timers.o
    0x08003e10   0x08003e10   0x0000001a   Code   RO         4219    i.prvIsQueueEmpty   queue.o
    0x08003e2a   0x08003e2a   0x0000001e   Code   RO         4220    i.prvIsQueueFull    queue.o
    0x08003e48   0x08003e48   0x00000064   Code   RO         4986    i.prvProcessExpiredTimer  timers.o
    0x08003eac   0x08003eac   0x00000128   Code   RO         4987    i.prvProcessReceivedCommands  timers.o
    0x08003fd4   0x08003fd4   0x00000074   Code   RO         4988    i.prvProcessTimerOrBlockTask  timers.o
    0x08004048   0x08004048   0x00000034   Code   RO         4629    i.prvResetNextTaskUnblockTime  tasks.o
    0x0800407c   0x0800407c   0x0000002c   Code   RO         4989    i.prvSampleTimeNow  timers.o
    0x080040a8   0x080040a8   0x000000a0   Code   RO         4990    i.prvSwitchTimerLists  timers.o
    0x08004148   0x08004148   0x00000040   Code   RO         5633    i.prvTaskExitError  port.o
    0x08004188   0x08004188   0x0000001a   Code   RO         4991    i.prvTimerTask      timers.o
    0x080041a2   0x080041a2   0x0000007e   Code   RO         4221    i.prvUnlockQueue    queue.o
    0x08004220   0x08004220   0x0000013c   Code   RO         5584    i.pvPortMalloc      heap_4.o
    0x0800435c   0x0800435c   0x0000002c   Code   RO         4992    i.pvTimerGetTimerID  timers.o
    0x08004388   0x08004388   0x00000024   Code   RO         5634    i.pxPortInitialiseStack  port.o
    0x080043ac   0x080043ac   0x00000094   Code   RO          329    i.scan_buttons_GPIO  button.o
    0x08004440   0x08004440   0x00000050   Code   RO          330    i.scan_keys         button.o
    0x08004490   0x08004490   0x00000020   Code   RO          331    i.scan_keys_long    button.o
    0x080044b0   0x080044b0   0x00000100   Code   RO          725    i.spi_write_buffer_DMA  spi.o
    0x080045b0   0x080045b0   0x00000020   Code   RO          726    i.spi_write_byte    spi.o
    0x080045d0   0x080045d0   0x000000f0   Code   RO         5822    i.ssd1306_Init      ssd1306.o
    0x080046c0   0x080046c0   0x0000001c   Code   RO         5969    i.ssd1306_SendCommand  ssd1306_interface.o
    0x080046dc   0x080046dc   0x0000000c   Code   RO         5970    i.ssd1306_SendDataBuffer  ssd1306_interface.o
    0x080046e8   0x080046e8   0x0000003c   Code   RO          835    i.tim_delay_init    tim.o
    0x08004724   0x08004724   0x0000000c   Code   RO          837    i.timers_ini        tim.o
    0x08004730   0x08004730   0x00000028   Code   RO         4174    i.uxListRemove      list.o
    0x08004758   0x08004758   0x00000018   Code   RO         5212    i.vApplicationGetIdleTaskMemory  cmsis_os2.o
    0x08004770   0x08004770   0x00000018   Code   RO         5213    i.vApplicationGetTimerTaskMemory  cmsis_os2.o
    0x08004788   0x08004788   0x0000001a   Code   RO         4175    i.vListInitialise   list.o
    0x080047a2   0x080047a2   0x00000006   Code   RO         4176    i.vListInitialiseItem  list.o
    0x080047a8   0x080047a8   0x00000034   Code   RO         4177    i.vListInsert       list.o
    0x080047dc   0x080047dc   0x00000018   Code   RO         4178    i.vListInsertEnd    list.o
    0x080047f4   0x080047f4   0x00000054   Code   RO         5636    i.vPortEnterCritical  port.o
    0x08004848   0x08004848   0x0000003c   Code   RO         5637    i.vPortExitCritical  port.o
    0x08004884   0x08004884   0x00000094   Code   RO         5585    i.vPortFree         heap_4.o
    0x08004918   0x08004918   0x00000028   Code   RO         5638    i.vPortSetupTimerInterrupt  port.o
    0x08004940   0x08004940   0x00000078   Code   RO         5639    i.vPortValidateInterruptPriority  port.o
    0x080049b8   0x080049b8   0x0000002c   Code   RO         4227    i.vQueueAddToRegistry  queue.o
    0x080049e4   0x080049e4   0x0000004a   Code   RO         4231    i.vQueueWaitForMessageRestricted  queue.o
    0x08004a2e   0x08004a2e   0x00000002   PAD
    0x08004a30   0x08004a30   0x0000005c   Code   RO         4641    i.vTaskDelay        tasks.o
    0x08004a8c   0x08004a8c   0x00000018   Code   RO         4646    i.vTaskInternalSetTimeOutState  tasks.o
    0x08004aa4   0x08004aa4   0x0000000c   Code   RO         4647    i.vTaskMissedYield  tasks.o
    0x08004ab0   0x08004ab0   0x00000038   Code   RO         4649    i.vTaskPlaceOnEventList  tasks.o
    0x08004ae8   0x08004ae8   0x00000040   Code   RO         4650    i.vTaskPlaceOnEventListRestricted  tasks.o
    0x08004b28   0x08004b28   0x000000b8   Code   RO         4658    i.vTaskStartScheduler  tasks.o
    0x08004be0   0x08004be0   0x00000010   Code   RO         4660    i.vTaskSuspendAll   tasks.o
    0x08004bf0   0x08004bf0   0x00000090   Code   RO         4661    i.vTaskSwitchContext  tasks.o
    0x08004c80   0x08004c80   0x000000f8   Code   RO         5640    i.xPortStartScheduler  port.o
    0x08004d78   0x08004d78   0x0000005e   Code   RO         4236    i.xQueueGenericCreate  queue.o
    0x08004dd6   0x08004dd6   0x000000de   Code   RO         4237    i.xQueueGenericCreateStatic  queue.o
    0x08004eb4   0x08004eb4   0x00000098   Code   RO         4238    i.xQueueGenericReset  queue.o
    0x08004f4c   0x08004f4c   0x000001a8   Code   RO         4239    i.xQueueGenericSend  queue.o
    0x080050f4   0x080050f4   0x000000f8   Code   RO         4240    i.xQueueGenericSendFromISR  queue.o
    0x080051ec   0x080051ec   0x00000168   Code   RO         4249    i.xQueueReceive     queue.o
    0x08005354   0x08005354   0x000000ca   Code   RO         4250    i.xQueueReceiveFromISR  queue.o
    0x0800541e   0x0800541e   0x00000002   PAD
    0x08005420   0x08005420   0x0000008c   Code   RO         4662    i.xTaskCheckForTimeOut  tasks.o
    0x080054ac   0x080054ac   0x00000064   Code   RO         4663    i.xTaskCreate       tasks.o
    0x08005510   0x08005510   0x000000b8   Code   RO         4664    i.xTaskCreateStatic  tasks.o
    0x080055c8   0x080055c8   0x00000020   Code   RO         4668    i.xTaskGetSchedulerState  tasks.o
    0x080055e8   0x080055e8   0x0000000c   Code   RO         4669    i.xTaskGetTickCount  tasks.o
    0x080055f4   0x080055f4   0x00000144   Code   RO         4671    i.xTaskIncrementTick  tasks.o
    0x08005738   0x08005738   0x000000a4   Code   RO         4674    i.xTaskPriorityDisinherit  tasks.o
    0x080057dc   0x080057dc   0x00000098   Code   RO         4676    i.xTaskRemoveFromEventList  tasks.o
    0x08005874   0x08005874   0x00000104   Code   RO         4677    i.xTaskResumeAll    tasks.o
    0x08005978   0x08005978   0x00000036   Code   RO         4996    i.xTimerCreate      timers.o
    0x080059ae   0x080059ae   0x00000070   Code   RO         4997    i.xTimerCreateStatic  timers.o
    0x08005a1e   0x08005a1e   0x00000002   PAD
    0x08005a20   0x08005a20   0x00000078   Code   RO         4998    i.xTimerCreateTimerTask  timers.o
    0x08005a98   0x08005a98   0x00000084   Code   RO         4999    i.xTimerGenericCommand  timers.o
    0x08005b1c   0x08005b1c   0x000000e4   Data   RO          509    .constdata          freertos.o
    0x08005c00   0x08005c00   0x0000002a   Data   RO          727    .constdata          spi.o
    0x08005c2a   0x08005c2a   0x0000002a   Data   RO          838    .constdata          tim.o
    0x08005c54   0x08005c54   0x00000018   Data   RO         4011    .constdata          system_stm32f1xx.o
    0x08005c6c   0x08005c6c   0x00001922   Data   RO         5712    .constdata          fonts.o
    0x0800758e   0x0800758e   0x00000011   Data   RO         6037    .constdata          c_w.l(__printf_flags_wp.o)
    0x0800759f   0x0800759f   0x00000001   PAD
    0x080075a0   0x080075a0   0x00000054   Data   RO          510    .conststring        freertos.o
    0x080075f4   0x080075f4   0x00000020   Data   RO         6241    Region$$Table       anon$$obj.o


    Execution Region RW_IRAM1 (Exec base: 0x20000000, Load base: 0x08007614, Size: 0x00003318, Max: 0x00010000, ABSOLUTE)

    Exec Addr    Load Addr    Size         Type   Attr      Idx    E Section Name        Object

    0x20000000   0x08007614   0x0000000d   Data   RW          214    .data               drive.o
    0x2000000d   0x08007621   0x00000003   PAD
    0x20000010   0x08007624   0x00000020   Data   RW          511    .data               freertos.o
    0x20000030   0x08007644   0x00000001   Data   RW          728    .data               spi.o
    0x20000031   0x08007645   0x00000003   PAD
    0x20000034   0x08007648   0x00000009   Data   RW         1374    .data               stm32f1xx_hal.o
    0x2000003d   0x08007651   0x00000003   PAD
    0x20000040   0x08007654   0x00000004   Data   RW         4012    .data               system_stm32f1xx.o
    0x20000044   0x08007658   0x0000003c   Data   RW         4680    .data               tasks.o
    0x20000080   0x08007694   0x00000014   Data   RW         5007    .data               timers.o
    0x20000094   0x080076a8   0x00000004   Data   RW         5215    .data               cmsis_os2.o
    0x20000098   0x080076ac   0x00000018   Data   RW         5590    .data               heap_4.o
    0x200000b0   0x080076c4   0x0000000c   Data   RW         5641    .data               port.o
    0x200000bc   0x080076d0   0x00000018   Data   RW         5713    .data               fonts.o
    0x200000d4   0x080076e8   0x00000006   Data   RW         5826    .data               ssd1306.o
    0x200000da   0x080076ee   0x00000002   PAD
    0x200000dc        -       0x00000068   Zero   RW          508    .bss                freertos.o
    0x20000144        -       0x00000032   Zero   RW         1039    .bss                usart.o
    0x20000176   0x080076ee   0x00000002   PAD
    0x20000178        -       0x00000048   Zero   RW         1184    .bss                stm32f1xx_hal_timebase_tim.o
    0x200001c0        -       0x00000040   Zero   RW         4253    .bss                queue.o
    0x20000200        -       0x000004c4   Zero   RW         4679    .bss                tasks.o
    0x200006c4        -       0x00000118   Zero   RW         5006    .bss                timers.o
    0x200007dc        -       0x000006b8   Zero   RW         5214    .bss                cmsis_os2.o
    0x20000e94        -       0x00001000   Zero   RW         5589    .bss                heap_4.o
    0x20001e94        -       0x00000220   Zero   RW         5824    .bss                ssd1306.o
    0x200020b4        -       0x00000060   Zero   RW         6113    .bss                c_w.l(libspace.o)
    0x20002114   0x080076ee   0x00000004   PAD
    0x20002118        -       0x00000200   Zero   RW            2    HEAP                startup_stm32f105xc.o
    0x20002318        -       0x00001000   Zero   RW            1    STACK               startup_stm32f105xc.o


==============================================================================

Image component sizes


      Code (inc. data)   RO Data    RW Data    ZI Data      Debug   Object Name

       286         28          0          0          0      10777   button.o
      1256         76          0          4       1720      19691   cmsis_os2.o
       208         14          0          0          0      29453   dma.o
        96         38          0         13          0      34120   drive.o
         0          0          0          0          0     653868   eeprom.o
         0          0          0          0          0      20064   event_groups.o
         0          0       6434         24          0       1263   fonts.o
       692        126        312         32        104       7505   freertos.o
       232         24          0          0          0      13299   gpio.o
       692         62          0         24       4096       4543   heap_4.o
       232         28          0          0          0      22151   i2c.o
       148          0          0          0          0       3294   list.o
       218         10          0          0          0      19016   main.o
       108         32          0          0          0       1840   menu.o
       854         78          0         12          0      10653   port.o
      2210         20          0          0         64      18777   queue.o
       814         66         42          1          0      36984   spi.o
       792         44          0          6        544       8114   ssd1306.o
        40          4          0          0          0       1639   ssd1306_interface.o
        64         26        336          0       4608        792   startup_stm32f105xc.o
        76         20          0          9          0       5594   stm32f1xx_hal.o
       252         22          0          0          0      28546   stm32f1xx_hal_cortex.o
        96         10          0          0          0        854   stm32f1xx_hal_msp.o
      2228        122          0          0          0       6186   stm32f1xx_hal_rcc.o
       782         34          0          0          0       5922   stm32f1xx_hal_tim.o
         4          0          0          0          0       1453   stm32f1xx_hal_tim_ex.o
       180         22          0          0         72       1403   stm32f1xx_hal_timebase_tim.o
        90         10          0          0          0      15826   stm32f1xx_it.o
       296          0          0          0          0      11251   stm32f1xx_ll_gpio.o
       292         10          0          0          0      12098   stm32f1xx_ll_i2c.o
       408         58          0          0          0      21329   stm32f1xx_ll_rcc.o
       108          0          0          0          0      14134   stm32f1xx_ll_spi.o
       786         40          0          0          0      34030   stm32f1xx_ll_tim.o
       344         22          0          0          0      15860   stm32f1xx_ll_usart.o
         0          0          0          0          0       8872   stream_buffer.o
         2          0         24          4          0       1059   system_stm32f1xx.o
      2796        346          0         60       1220      23086   tasks.o
      1756        122         42          0          0      65362   tim.o
      1526        124          0         20        280      30035   timers.o
       280         34          0          0         50      22791   usart.o

    ----------------------------------------------------------------------
     21272       1672       7222        220      12760    1243534   Object Totals
         0          0         32          0          0          0   (incl. Generated)
        28          0          0         11          2          0   (incl. Padding)

    ----------------------------------------------------------------------

      Code (inc. data)   RO Data    RW Data    ZI Data      Debug   Library Member Name

         8          0          0          0          0         68   __main.o
       312          4         17          0          0         92   __printf_flags_wp.o
        14          0          0          0          0         68   __printf_wp.o
         0          0          0          0          0          0   __rtentry.o
        12          0          0          0          0          0   __rtentry2.o
         6          0          0          0          0          0   __rtentry4.o
        52          8          0          0          0          0   __scatter.o
        26          0          0          0          0          0   __scatter_copy.o
        28          0          0          0          0          0   __scatter_zi.o
        48          6          0          0          0         96   _printf_char_common.o
       120         16          0          0          0         92   _printf_dec.o
       178          0          0          0          0         88   _printf_intcommon.o
         0          0          0          0          0          0   _printf_percent.o
         4          0          0          0          0          0   _printf_percent_end.o
         6          0          0          0          0          0   _printf_u.o
        16          0          0          0          0         68   _snputc.o
        10          0          0          0          0         68   _sputc.o
        16          0          0          0          0         68   aeabi_memset.o
        18          0          0          0          0         80   exit.o
         6          0          0          0          0        152   heapauxi.o
         0          0          0          0          0          0   indicate_semi.o
         2          0          0          0          0          0   libinit.o
         2          0          0          0          0          0   libinit2.o
         2          0          0          0          0          0   libshutdown.o
         2          0          0          0          0          0   libshutdown2.o
         8          4          0          0         96         68   libspace.o
       238          0          0          0          0        100   lludivv7m.o
        52          4          0          0          0         84   noretval__2snprintf.o
        40          6          0          0          0         84   noretval__2sprintf.o
        68          0          0          0          0         68   rt_memclr.o
        78          0          0          0          0         80   rt_memclr_w.o
       138          0          0          0          0         68   rt_memcpy_v6.o
       100          0          0          0          0         80   rt_memcpy_w.o
         2          0          0          0          0          0   rtexit.o
        10          0          0          0          0          0   rtexit2.o
        12          4          0          0          0         68   sys_exit.o
        74          0          0          0          0         80   sys_stackheap_outer.o
         2          0          0          0          0         68   use_no_semi.o

    ----------------------------------------------------------------------
      1716         52         18          0        100       1788   Library Totals
         6          0          1          0          4          0   (incl. Padding)

    ----------------------------------------------------------------------

      Code (inc. data)   RO Data    RW Data    ZI Data      Debug   Library Name

      1710         52         17          0         96       1788   c_w.l

    ----------------------------------------------------------------------
      1716         52         18          0        100       1788   Library Totals

    ----------------------------------------------------------------------

==============================================================================


      Code (inc. data)   RO Data    RW Data    ZI Data      Debug   

     22988       1724       7240        220      12860    1232942   Grand Totals
     22988       1724       7240        220      12860    1232942   ELF Image Totals
     22988       1724       7240        220          0          0   ROM Totals

==============================================================================

    Total RO  Size (Code + RO Data)                30228 (  29.52kB)
    Total RW  Size (RW Data + ZI Data)             13080 (  12.77kB)
    Total ROM Size (Code + RO Data + RW Data)      30448 (  29.73kB)

==============================================================================

